Archive member included because of file (symbol)

C:\Users\m.paffi.ATESISTEMI\Documents\CCTA-OS\lpc17xx.cmsis.driver.library\Debug\liblpc17xx.cmsis.driver.library.a(lpc17xx_emac.o)
                              ./Source/lwIP/netif/ethernetif.o (EMAC_Init)
C:\Users\m.paffi.ATESISTEMI\Documents\CCTA-OS\lpc17xx.cmsis.driver.library\Debug\liblpc17xx.cmsis.driver.library.a(lpc17xx_gpio.o)
                              ./Source/main.o (GPIO_SetDir)
C:\Users\m.paffi.ATESISTEMI\Documents\CCTA-OS\lpc17xx.cmsis.driver.library\Debug\liblpc17xx.cmsis.driver.library.a(lpc17xx_i2c.o)
                              ./Source/FreeRTOS-Products/FreeRTOS-Plus-IO/Device/LPC17xx/FreeRTOS_lpc17xx_i2c.o (I2C_Stop)
C:\Users\m.paffi.ATESISTEMI\Documents\CCTA-OS\lpc17xx.cmsis.driver.library\Debug\liblpc17xx.cmsis.driver.library.a(lpc17xx_libcfg_default.o)
                              C:\Users\m.paffi.ATESISTEMI\Documents\CCTA-OS\lpc17xx.cmsis.driver.library\Debug\liblpc17xx.cmsis.driver.library.a(lpc17xx_i2c.o) (check_failed)
C:\Users\m.paffi.ATESISTEMI\Documents\CCTA-OS\lpc17xx.cmsis.driver.library\Debug\liblpc17xx.cmsis.driver.library.a(lpc17xx_pinsel.o)
                              ./Source/lwIP/netif/ethernetif.o (PINSEL_ConfigPin)
C:\Users\m.paffi.ATESISTEMI\Documents\CCTA-OS\lpc17xx.cmsis.driver.library\Debug\liblpc17xx.cmsis.driver.library.a(lpc17xx_ssp.o)
                              ./Source/FreeRTOS-Products/FreeRTOS-Plus-IO/Device/LPC17xx/FreeRTOS_lpc17xx_ssp.o (SSP_Init)
C:\Users\m.paffi.ATESISTEMI\Documents\CCTA-OS\lpc17xx.cmsis.driver.library\Debug\liblpc17xx.cmsis.driver.library.a(lpc17xx_uart.o)
                              ./Source/FreeRTOS-Products/FreeRTOS-Plus-IO/Device/LPC17xx/FreeRTOS_lpc17xx_uart.o (UART_Init)
C:\Users\m.paffi.ATESISTEMI\Documents\CCTA-OS\lpc17xx.cmsis.driver.library\Debug\liblpc17xx.cmsis.driver.library.a(lpc17xx_clkpwr.o)
                              C:\Users\m.paffi.ATESISTEMI\Documents\CCTA-OS\lpc17xx.cmsis.driver.library\Debug\liblpc17xx.cmsis.driver.library.a(lpc17xx_i2c.o) (CLKPWR_SetPCLKDiv)
C:\Users\m.paffi.ATESISTEMI\Documents\CCTA-OS\CMSISv2p00_LPC17xx\Debug\libCMSISv2p00_LPC17xx.a(system_LPC17xx.o)
                              ./Source/cr_startup_lpc176x.o (SystemInit)
c:/code_red/redsuitenxp_4.0.6_249/redsuite/tools/bin/../lib/gcc/arm-none-eabi/4.5.1/../../../../arm-none-eabi/lib/thumb2\libcr_nohost.a(_cr__main.o)
                              ./Source/cr_startup_lpc176x.o (__main)
c:/code_red/redsuitenxp_4.0.6_249/redsuite/tools/bin/../lib/gcc/arm-none-eabi/4.5.1/../../../../arm-none-eabi/lib/thumb2\libcr_c.a(fflush.o)
                              ./Source/lwIP/netif/etharp.o (fflush)
c:/code_red/redsuitenxp_4.0.6_249/redsuite/tools/bin/../lib/gcc/arm-none-eabi/4.5.1/../../../../arm-none-eabi/lib/thumb2\libcr_c.a(initio.o)
                              c:/code_red/redsuitenxp_4.0.6_249/redsuite/tools/bin/../lib/gcc/arm-none-eabi/4.5.1/../../../../arm-none-eabi/lib/thumb2\libcr_nohost.a(_cr__main.o) (_initio)
c:/code_red/redsuitenxp_4.0.6_249/redsuite/tools/bin/../lib/gcc/arm-none-eabi/4.5.1/../../../../arm-none-eabi/lib/thumb2\libcr_c.a(memcmp.o)
                              ./Source/FreeRTOS-Products/FreeRTOS/tasks.o (memcmp)
c:/code_red/redsuitenxp_4.0.6_249/redsuite/tools/bin/../lib/gcc/arm-none-eabi/4.5.1/../../../../arm-none-eabi/lib/thumb2\libcr_c.a(setvbuf.o)
                              c:/code_red/redsuitenxp_4.0.6_249/redsuite/tools/bin/../lib/gcc/arm-none-eabi/4.5.1/../../../../arm-none-eabi/lib/thumb2\libcr_c.a(initio.o) (setvbuf)
c:/code_red/redsuitenxp_4.0.6_249/redsuite/tools/bin/../lib/gcc/arm-none-eabi/4.5.1/../../../../arm-none-eabi/lib/thumb2\libcr_c.a(stdio.o)
                              c:/code_red/redsuitenxp_4.0.6_249/redsuite/tools/bin/../lib/gcc/arm-none-eabi/4.5.1/../../../../arm-none-eabi/lib/thumb2\libcr_c.a(fflush.o) (__Ciob)
c:/code_red/redsuitenxp_4.0.6_249/redsuite/tools/bin/../lib/gcc/arm-none-eabi/4.5.1/../../../../arm-none-eabi/lib/thumb2\libcr_c.a(stdlib.o)
                              ./Source/lwIP/netif/etharp.o (abort)
c:/code_red/redsuitenxp_4.0.6_249/redsuite/tools/bin/../lib/gcc/arm-none-eabi/4.5.1/../../../../arm-none-eabi/lib/thumb2\libcr_c.a(strcat.o)
                              ./Source/lwIP/lwIP_Apps/lwIP_Apps.o (strcat)
c:/code_red/redsuitenxp_4.0.6_249/redsuite/tools/bin/../lib/gcc/arm-none-eabi/4.5.1/../../../../arm-none-eabi/lib/thumb2\libcr_c.a(strchr.o)
                              ./Source/lwIP/lwIP_Apps/apps/httpserver_raw/httpd.o (strchr)
c:/code_red/redsuitenxp_4.0.6_249/redsuite/tools/bin/../lib/gcc/arm-none-eabi/4.5.1/../../../../arm-none-eabi/lib/thumb2\libcr_c.a(strcmp.o)
                              ./Source/lwIP/lwIP_Apps/apps/httpserver_raw/fs.o (strcmp)
c:/code_red/redsuitenxp_4.0.6_249/redsuite/tools/bin/../lib/gcc/arm-none-eabi/4.5.1/../../../../arm-none-eabi/lib/thumb2\libcr_c.a(strcpy.o)
                              ./Source/main.o (strcpy)
[...]
Memory Configuration

Name             Origin             Length             Attributes
MFlash512        0x00000000         0x00080000         xr
RamLoc32         0x10000000         0x00008000         xrw
RamAHB32         0x2007c000         0x00008000         xrw
*default*        0x00000000         0xffffffff

Linker script and memory map

LOAD ./Source/cr_startup_lpc176x.o
LOAD ./Source/main.o
LOAD ./Source/printf-stdarg.o
LOAD ./Source/lwIP/netif/etharp.o
LOAD ./Source/lwIP/netif/ethernetif.o
LOAD ./Source/lwIP/netif/sys_arch.o
LOAD ./Source/lwIP/lwIP_Apps/lwIP_Apps.o
LOAD ./Source/lwIP/lwIP_Apps/apps/httpserver_raw/fs.o
LOAD ./Source/lwIP/lwIP_Apps/apps/httpserver_raw/httpd.o
LOAD ./Source/lwIP/lwIP_Apps/apps/BasicSocketCommandServer/BasicSocketCommandServer.o
LOAD ./Source/lwIP/core/def.o
LOAD ./Source/lwIP/core/dhcp.o
LOAD ./Source/lwIP/core/dns.o
LOAD ./Source/lwIP/core/init.o
LOAD ./Source/lwIP/core/lwip_timers.o
LOAD ./Source/lwIP/core/mem.o
LOAD ./Source/lwIP/core/memp.o
LOAD ./Source/lwIP/core/netif.o
LOAD ./Source/lwIP/core/pbuf.o
LOAD ./Source/lwIP/core/raw.o
LOAD ./Source/lwIP/core/stats.o
LOAD ./Source/lwIP/core/sys.o
LOAD ./Source/lwIP/core/tcp.o
LOAD ./Source/lwIP/core/tcp_in.o
LOAD ./Source/lwIP/core/tcp_out.o
LOAD ./Source/lwIP/core/udp.o
LOAD ./Source/lwIP/core/ipv4/autoip.o
LOAD ./Source/lwIP/core/ipv4/icmp.o
LOAD ./Source/lwIP/core/ipv4/igmp.o
LOAD ./Source/lwIP/core/ipv4/inet.o
LOAD ./Source/lwIP/core/ipv4/inet_chksum.o
LOAD ./Source/lwIP/core/ipv4/ip.o
LOAD ./Source/lwIP/core/ipv4/ip_addr.o
LOAD ./Source/lwIP/core/ipv4/ip_frag.o
LOAD ./Source/lwIP/api/api_lib.o
LOAD ./Source/lwIP/api/api_msg.o
LOAD ./Source/lwIP/api/err.o
LOAD ./Source/lwIP/api/netbuf.o
LOAD ./Source/lwIP/api/netdb.o
LOAD ./Source/lwIP/api/netifapi.o
LOAD ./Source/lwIP/api/sockets.o
LOAD ./Source/lwIP/api/tcpip.o
LOAD ./Source/MemMang/heap_2.o
LOAD ./Source/FreeRTOS-Products/FreeRTOS-Plus-IO/Device/LPC17xx/FreeRTOS_lpc17xx_DriverInterface.o
LOAD ./Source/FreeRTOS-Products/FreeRTOS-Plus-IO/Device/LPC17xx/FreeRTOS_lpc17xx_i2c.o
LOAD ./Source/FreeRTOS-Products/FreeRTOS-Plus-IO/Device/LPC17xx/FreeRTOS_lpc17xx_ssp.o
LOAD ./Source/FreeRTOS-Products/FreeRTOS-Plus-IO/Device/LPC17xx/FreeRTOS_lpc17xx_uart.o
LOAD ./Source/FreeRTOS-Products/FreeRTOS-Plus-IO/Common/FreeRTOS_DriverInterface.o
LOAD ./Source/FreeRTOS-Products/FreeRTOS-Plus-IO/Common/FreeRTOS_IOUtils.o
LOAD ./Source/FreeRTOS-Products/FreeRTOS-Plus-IO/Common/IOUtils_CharQueueTxAndRx.o
LOAD ./Source/FreeRTOS-Products/FreeRTOS-Plus-IO/Common/IOUtils_CircularBufferRx.o
LOAD ./Source/FreeRTOS-Products/FreeRTOS-Plus-IO/Common/IOUtils_ZeroCopyTx.o
LOAD ./Source/FreeRTOS-Products/FreeRTOS-Plus-CLI/FreeRTOS_CLI.o
LOAD ./Source/FreeRTOS-Products/FreeRTOS/croutine.o
LOAD ./Source/FreeRTOS-Products/FreeRTOS/list.o
LOAD ./Source/FreeRTOS-Products/FreeRTOS/queue.o
LOAD ./Source/FreeRTOS-Products/FreeRTOS/tasks.o
LOAD ./Source/FreeRTOS-Products/FreeRTOS/timers.o
LOAD ./Source/FreeRTOS-Products/FreeRTOS/portable/GCC/ARM_CM3/port.o
LOAD ./Source/FatFS/ff.o
LOAD ./Source/FatFS/mmc.o
LOAD ./Source/FatFS/syscall.o
LOAD ./Source/Examples/SSP/SPI-interface-to-SD-card.o
LOAD ./Source/Examples/GPIO/GPIO-output-and-software-timers.o
LOAD C:\Users\m.paffi.ATESISTEMI\Documents\CCTA-OS\lpc17xx.cmsis.driver.library\Debug\liblpc17xx.cmsis.driver.library.a
LOAD C:\Users\m.paffi.ATESISTEMI\Documents\CCTA-OS\CMSISv2p00_LPC17xx\Debug\libCMSISv2p00_LPC17xx.a
START GROUP
LOAD c:/code_red/redsuitenxp_4.0.6_249/redsuite/tools/bin/../lib/gcc/arm-none-eabi/4.5.1/../../../../arm-none-eabi/lib/thumb2\libcr_nohost.a
LOAD c:/code_red/redsuitenxp_4.0.6_249/redsuite/tools/bin/../lib/gcc/arm-none-eabi/4.5.1/../../../../arm-none-eabi/lib/thumb2\libcr_c.a
LOAD c:/code_red/redsuitenxp_4.0.6_249/redsuite/tools/bin/../lib/gcc/arm-none-eabi/4.5.1/thumb2\libcr_eabihelpers.a
END GROUP
                0x00080000                __top_MFlash512 = 0x80000
                0x10008000                __top_RamLoc32 = 0x10008000
                0x20084000                __top_RamAHB32 = 0x20084000

.text           0x00000000     0xeef4
 FILL mask 0xff
 *(.isr_vector)
 .isr_vector    0x00000000       0xcc ./Source/cr_startup_lpc176x.o
                0x00000000                g_pfnVectors
                0x000000cc                . = ALIGN (0x4)
                0x000000cc                __section_table_start = .
                0x000000cc                __data_section_table = .
                0x000000cc        0x4 LONG 0xeef4 LOADADDR (.data)
                0x000000d0        0x4 LONG 0x10000000 ADDR (.data)
                0x000000d4        0x4 LONG 0x38 SIZEOF (.data)
                0x000000d8        0x4 LONG 0xeef4 LOADADDR (.data_RAM2)
                0x000000dc        0x4 LONG 0x2007c000 ADDR (.data_RAM2)
                0x000000e0        0x4 LONG 0x0 SIZEOF (.data_RAM2)
                0x000000e4                __data_section_table_end = .
                0x000000e4                __bss_section_table = .
                0x000000e4        0x4 LONG 0x10000038 ADDR (.bss)
                0x000000e8        0x4 LONG 0x3aec SIZEOF (.bss)
                0x000000ec        0x4 LONG 0x2007c000 ADDR (.bss_RAM2)
                0x000000f0        0x4 LONG 0x0 SIZEOF (.bss_RAM2)
                0x000000f4                __bss_section_table_end = .
                0x000000f4                __section_table_end = .
 *(.after_vectors*)
 .after_vectors
                0x000000f4       0x94 ./Source/cr_startup_lpc176x.o
                0x000000f4                NMI_Handler
                0x000000f6                HardFault_Handler
                0x00000112                MemManage_Handler
                0x00000114                BusFault_Handler
                0x00000116                UsageFault_Handler
                0x0000011a                DebugMon_Handler
                0x00000120                data_init
                0x00000132                bss_init
                0x00000142                ResetISR
                0x00000184                EINT2_IRQHandler
                0x00000184                UART1_IRQHandler
                0x00000184                EINT3_IRQHandler
                0x00000184                CANActivity_IRQHandler
                0x00000184                TIMER3_IRQHandler
                0x00000184                UART0_IRQHandler
                0x00000184                I2C1_IRQHandler
                0x00000184                PWM1_IRQHandler
                0x00000184                IntDefaultHandler
                0x00000184                PLL0_IRQHandler
                0x00000184                USBActivity_IRQHandler
                0x00000184                PLL1_IRQHandler
                0x00000184                SSP0_IRQHandler
                0x00000184                I2S_IRQHandler
                0x00000184                I2C2_IRQHandler
                0x00000184                RTC_IRQHandler
                0x00000184                TIMER0_IRQHandler
                0x00000184                SPI_IRQHandler
                0x00000184                I2C0_IRQHandler
                0x00000184                EINT1_IRQHandler
                0x00000184                TIMER1_IRQHandler
                0x00000184                UART2_IRQHandler
                0x00000184                ADC_IRQHandler
                0x00000184                USB_IRQHandler
                0x00000184                BOD_IRQHandler
                0x00000184                RIT_IRQHandler
                0x00000184                WDT_IRQHandler
                0x00000184                QEI_IRQHandler
                0x00000184                EINT0_IRQHandler
                0x00000184                CAN_IRQHandler
                0x00000184                DMA_IRQHandler
                0x00000184                TIMER2_IRQHandler
                0x00000184                UART3_IRQHandler
                0x00000184                MCPWM_IRQHandler
 *(.text*)
 .text.pop_registers_from_fault_stack
                0x00000188       0x24 ./Source/cr_startup_lpc176x.o
                0x00000188                pop_registers_from_fault_stack
 .text.prvRunTimeStatsCommand
                0x000001ac       0x2c ./Source/main.o
 .text.prvTaskStatsCommand
                0x000001d8       0x2c ./Source/main.o
 .text.main     0x00000204       0xb8 ./Source/main.o
                0x00000204                main
 .text.vMainConfigureTimerForRunTimeStats
                0x000002bc       0x1c ./Source/main.o
                0x000002bc                vMainConfigureTimerForRunTimeStats
 .text.ulMainGetRunTimeCounterValue
                0x000002d8       0x54 ./Source/main.o
                0x000002d8                ulMainGetRunTimeCounterValue
 .text.pvApplicationGetEMACTxBufferAddress
                0x0000032c        0xc ./Source/main.o
                0x0000032c                pvApplicationGetEMACTxBufferAddress
 .text.pvApplicationGetEMACRxBufferAddress
                0x00000338        0xc ./Source/main.o
                0x00000338                pvApplicationGetEMACRxBufferAddress
 .text.vApplicationMallocFailedHook
                0x00000344        0xa ./Source/main.o
                0x00000344                vApplicationMallocFailedHook
 .text.vApplicationStackOverflowHook
                0x0000034e        0xa ./Source/main.o
                0x0000034e                vApplicationStackOverflowHook
 .text.printchar
                0x00000358        0xe ./Source/printf-stdarg.o
 .text.prints   0x00000366       0x80 ./Source/printf-stdarg.o
 .text.printi   0x000003e6       0xa8 ./Source/printf-stdarg.o
 *fill*         0x0000048e        0x2 00
 .text.print    0x00000490      0x130 ./Source/printf-stdarg.o
 .text.printf   0x000005c0       0x1a ./Source/printf-stdarg.o
                0x000005c0                printf
 .text.sprintf  0x000005da       0x1e ./Source/printf-stdarg.o
                0x000005da                sprintf
 .text.etharp_send_ip
                0x000005f8       0x64 ./Source/lwIP/netif/etharp.o
 .text.free_entry
                0x0000065c       0x84 ./Source/lwIP/netif/etharp.o
 .text.find_entry
                0x000006e0      0x1a8 ./Source/lwIP/netif/etharp.o
 .text.etharp_tmr
                0x00000888       0x34 ./Source/lwIP/netif/etharp.o
                0x00000888                etharp_tmr
 .text.etharp_request
                0x000008bc       0xfc ./Source/lwIP/netif/etharp.o
                0x000008bc                etharp_request
 .text.etharp_query
                0x000009b8      0x16c ./Source/lwIP/netif/etharp.o
                0x000009b8                etharp_query
 .text.etharp_output
                0x00000b24       0xcc ./Source/lwIP/netif/etharp.o
                0x00000b24                etharp_output
 .text.ethernet_input
                0x00000bf0      0x24c ./Source/lwIP/netif/etharp.o
                0x00000bf0                ethernet_input
 .text.prvLowLevelOutput
                0x00000e3c       0x60 ./Source/lwIP/netif/ethernetif.o
 .text.ethernetif_init
                0x00000e9c      0x154 ./Source/lwIP/netif/ethernetif.o
                0x00000e9c                ethernetif_init
 .text.ENET_IRQHandler
                0x00000ff0       0xe4 ./Source/lwIP/netif/ethernetif.o
                0x00000ff0                ENET_IRQHandler
 .text.sys_mbox_new
                0x000010d4       0x1c ./Source/lwIP/netif/sys_arch.o
                0x000010d4                sys_mbox_new
 .text.sys_mbox_free
                0x000010f0       0x20 ./Source/lwIP/netif/sys_arch.o
                0x000010f0                sys_mbox_free
 .text.sys_mbox_post
                0x00001110       0x1a ./Source/lwIP/netif/sys_arch.o
                0x00001110                sys_mbox_post
 *fill*         0x0000112a        0x2 00
 .text.sys_mbox_trypost
                0x0000112c       0x38 ./Source/lwIP/netif/sys_arch.o
                0x0000112c                sys_mbox_trypost
 .text.sys_arch_mbox_fetch
                0x00001164       0x70 ./Source/lwIP/netif/sys_arch.o
                0x00001164                sys_arch_mbox_fetch
 .text.sys_arch_mbox_tryfetch
                0x000011d4       0x34 ./Source/lwIP/netif/sys_arch.o
                0x000011d4                sys_arch_mbox_tryfetch
 .text.sys_sem_new
                0x00001208       0x3a ./Source/lwIP/netif/sys_arch.o
                0x00001208                sys_sem_new
 .text.sys_arch_sem_wait
                0x00001242       0x4a ./Source/lwIP/netif/sys_arch.o
                0x00001242                sys_arch_sem_wait
 .text.sys_mutex_new
                0x0000128c       0x18 ./Source/lwIP/netif/sys_arch.o
                0x0000128c                sys_mutex_new
 .text.sys_mutex_lock
                0x000012a4       0x18 ./Source/lwIP/netif/sys_arch.o
                0x000012a4                sys_mutex_lock
 .text.sys_mutex_unlock
                0x000012bc        0xc ./Source/lwIP/netif/sys_arch.o
                0x000012bc                sys_mutex_unlock
 .text.sys_sem_signal
                0x000012c8       0x28 ./Source/lwIP/netif/sys_arch.o
                0x000012c8                sys_sem_signal
 .text.sys_sem_free
                0x000012f0        0x6 ./Source/lwIP/netif/sys_arch.o
                0x000012f0                sys_sem_free
 .text.sys_init
                0x000012f6        0x2 ./Source/lwIP/netif/sys_arch.o
                0x000012f6                sys_init
 .text.sys_thread_new
                0x000012f8       0x2e ./Source/lwIP/netif/sys_arch.o
                0x000012f8                sys_thread_new
 *fill*         0x00001326        0x2 00
 .text.sys_arch_protect
                0x00001328       0x14 ./Source/lwIP/netif/sys_arch.o
                0x00001328                sys_arch_protect
 .text.sys_arch_unprotect
                0x0000133c       0x10 ./Source/lwIP/netif/sys_arch.o
                0x0000133c                sys_arch_unprotect
 .text.uslwIPAppsSSIHandler
                0x0000134c       0x48 ./Source/lwIP/lwIP_Apps/lwIP_Apps.o
 .text.lwIPAppsInit
                0x00001394       0x84 ./Source/lwIP/lwIP_Apps/lwIP_Apps.o
                0x00001394                lwIPAppsInit
 .text.fs_free  0x00001418       0x20 ./Source/lwIP/lwIP_Apps/apps/httpserver_raw/fs.o
 .text.fs_open  0x00001438       0x70 ./Source/lwIP/lwIP_Apps/apps/httpserver_raw/fs.o
                0x00001438                fs_open
 .text.fs_close
                0x000014a8        0x4 ./Source/lwIP/lwIP_Apps/apps/httpserver_raw/fs.o
                0x000014a8                fs_close
 .text.fs_read  0x000014ac       0x30 ./Source/lwIP/lwIP_Apps/apps/httpserver_raw/fs.o
                0x000014ac                fs_read
 .text.fs_bytes_left
                0x000014dc        0x8 ./Source/lwIP/lwIP_Apps/apps/httpserver_raw/fs.o
                0x000014dc                fs_bytes_left
 .text.http_accept
                0x000014e4       0x90 ./Source/lwIP/lwIP_Apps/apps/httpserver_raw/httpd.o
 .text.http_write
                0x00001574       0x68 ./Source/lwIP/lwIP_Apps/apps/httpserver_raw/httpd.o
 .text.http_state_free
                0x000015dc       0x2a ./Source/lwIP/lwIP_Apps/apps/httpserver_raw/httpd.o
 *fill*         0x00001606        0x2 00
 .text.http_close_conn
                0x00001608       0x54 ./Source/lwIP/lwIP_Apps/apps/httpserver_raw/httpd.o
 .text.http_send_data
                0x0000165c      0x518 ./Source/lwIP/lwIP_Apps/apps/httpserver_raw/httpd.o
 .text.http_sent
                0x00001b74       0x16 ./Source/lwIP/lwIP_Apps/apps/httpserver_raw/httpd.o
 .text.http_err
                0x00001b8a        0x8 ./Source/lwIP/lwIP_Apps/apps/httpserver_raw/httpd.o
 .text.http_poll
                0x00001b92       0x32 ./Source/lwIP/lwIP_Apps/apps/httpserver_raw/httpd.o
 .text.strnstr  0x00001bc4       0x4a ./Source/lwIP/lwIP_Apps/apps/httpserver_raw/httpd.o
 *fill*         0x00001c0e        0x2 00
 .text.http_get_404_file
                0x00001c10       0x34 ./Source/lwIP/lwIP_Apps/apps/httpserver_raw/httpd.o
 .text.http_recv
                0x00001c44      0x25c ./Source/lwIP/lwIP_Apps/apps/httpserver_raw/httpd.o
 .text.httpd_init
                0x00001ea0       0xa4 ./Source/lwIP/lwIP_Apps/apps/httpserver_raw/httpd.o
                0x00001ea0                httpd_init
 .text.http_set_ssi_handler
                0x00001f44       0x88 ./Source/lwIP/lwIP_Apps/apps/httpserver_raw/httpd.o
                0x00001f44                http_set_ssi_handler
 .text.vBasicSocketsCommandInterpreterTask
                0x00001fcc      0x17c ./Source/lwIP/lwIP_Apps/apps/BasicSocketCommandServer/BasicSocketCommandServer.o
                0x00001fcc                vBasicSocketsCommandInterpreterTask
 .text.lwip_htons
                0x00002148        0xa ./Source/lwIP/core/def.o
                0x00002148                lwip_htons
 .text.lwip_ntohs
                0x00002152        0x4 ./Source/lwIP/core/def.o
                0x00002152                lwip_ntohs
 .text.lwip_htonl
                0x00002156        0x4 ./Source/lwIP/core/def.o
                0x00002156                lwip_htonl
 .text.lwip_ntohl
                0x0000215a        0x4 ./Source/lwIP/core/def.o
                0x0000215a                lwip_ntohl
 .text.lwip_init
                0x0000215e       0x1e ./Source/lwIP/core/init.o
                0x0000215e                lwip_init
 .text.sys_timeout
                0x0000217c       0x8c ./Source/lwIP/core/lwip_timers.o
                0x0000217c                sys_timeout
 .text.sys_timeouts_init
                0x00002208       0x10 ./Source/lwIP/core/lwip_timers.o
                0x00002208                sys_timeouts_init
 .text.arp_timer
                0x00002218       0x1c ./Source/lwIP/core/lwip_timers.o
 .text.tcp_timer_needed
                0x00002234       0x34 ./Source/lwIP/core/lwip_timers.o
                0x00002234                tcp_timer_needed
 .text.tcpip_tcp_timer
                0x00002268       0x38 ./Source/lwIP/core/lwip_timers.o
 .text.sys_untimeout
                0x000022a0       0x50 ./Source/lwIP/core/lwip_timers.o
                0x000022a0                sys_untimeout
 .text.sys_timeouts_mbox_fetch
                0x000022f0       0x64 ./Source/lwIP/core/lwip_timers.o
                0x000022f0                sys_timeouts_mbox_fetch
 .text.mem_init
                0x00002354       0x78 ./Source/lwIP/core/mem.o
                0x00002354                mem_init
 .text.mem_free
                0x000023cc      0x1b4 ./Source/lwIP/core/mem.o
                0x000023cc                mem_free
 .text.mem_trim
                0x00002580      0x130 ./Source/lwIP/core/mem.o
                0x00002580                mem_trim
 .text.mem_malloc
                0x000026b0      0x16c ./Source/lwIP/core/mem.o
                0x000026b0                mem_malloc
 .text.memp_init
                0x0000281c       0x48 ./Source/lwIP/core/memp.o
                0x0000281c                memp_init
 .text.memp_malloc
                0x00002864       0x70 ./Source/lwIP/core/memp.o
                0x00002864                memp_malloc
 .text.memp_free
                0x000028d4       0x50 ./Source/lwIP/core/memp.o
                0x000028d4                memp_free
 .text.netif_init
                0x00002924        0x2 ./Source/lwIP/core/netif.o
                0x00002924                netif_init
 *fill*         0x00002926        0x2 00
 .text.netif_set_ipaddr
                0x00002928       0x50 ./Source/lwIP/core/netif.o
                0x00002928                netif_set_ipaddr
 .text.netif_set_gw
                0x00002978        0x8 ./Source/lwIP/core/netif.o
                0x00002978                netif_set_gw
 .text.netif_set_netmask
                0x00002980        0x8 ./Source/lwIP/core/netif.o
                0x00002980                netif_set_netmask
 .text.netif_set_addr
                0x00002988       0x20 ./Source/lwIP/core/netif.o
                0x00002988                netif_set_addr
 .text.netif_add
                0x000029a8       0x80 ./Source/lwIP/core/netif.o
                0x000029a8                netif_add
 .text.netif_set_default
                0x00002a28        0xc ./Source/lwIP/core/netif.o
                0x00002a28                netif_set_default
 .text.netif_set_up
                0x00002a34       0x22 ./Source/lwIP/core/netif.o
                0x00002a34                netif_set_up
 *fill*         0x00002a56        0x2 00
 .text.pbuf_header
                0x00002a58       0xd0 ./Source/lwIP/core/pbuf.o
                0x00002a58                pbuf_header
 .text.pbuf_free
                0x00002b28       0xbc ./Source/lwIP/core/pbuf.o
                0x00002b28                pbuf_free
 .text.pbuf_realloc
                0x00002be4      0x100 ./Source/lwIP/core/pbuf.o
                0x00002be4                pbuf_realloc
 .text.pbuf_alloc
                0x00002ce4      0x1fc ./Source/lwIP/core/pbuf.o
                0x00002ce4                pbuf_alloc
 .text.pbuf_clen
                0x00002ee0       0x12 ./Source/lwIP/core/pbuf.o
                0x00002ee0                pbuf_clen
 .text.pbuf_ref
                0x00002ef2       0x1a ./Source/lwIP/core/pbuf.o
                0x00002ef2                pbuf_ref
 .text.pbuf_cat
                0x00002f0c       0x90 ./Source/lwIP/core/pbuf.o
                0x00002f0c                pbuf_cat
 .text.pbuf_copy
                0x00002f9c      0x130 ./Source/lwIP/core/pbuf.o
                0x00002f9c                pbuf_copy
 .text.pbuf_copy_partial
                0x000030cc       0xa4 ./Source/lwIP/core/pbuf.o
                0x000030cc                pbuf_copy_partial
 .text.tcp_accept_null
                0x00003170        0x6 ./Source/lwIP/core/tcp.o
 *fill*         0x00003176        0x2 00
 .text.tcp_new_port
                0x00003178       0x44 ./Source/lwIP/core/tcp.o
 .text.tcp_bind
                0x000031bc       0x88 ./Source/lwIP/core/tcp.o
                0x000031bc                tcp_bind
 .text.tcp_listen_with_backlog
                0x00003244       0xb8 ./Source/lwIP/core/tcp.o
                0x00003244                tcp_listen_with_backlog
 .text.tcp_update_rcv_ann_wnd
                0x000032fc       0x64 ./Source/lwIP/core/tcp.o
                0x000032fc                tcp_update_rcv_ann_wnd
 .text.tcp_recved
                0x00003360       0x6c ./Source/lwIP/core/tcp.o
                0x00003360                tcp_recved
 .text.tcp_seg_free
                0x000033cc       0x1c ./Source/lwIP/core/tcp.o
                0x000033cc                tcp_seg_free
 .text.tcp_segs_free
                0x000033e8       0x12 ./Source/lwIP/core/tcp.o
                0x000033e8                tcp_segs_free
 .text.tcp_setprio
                0x000033fa        0x4 ./Source/lwIP/core/tcp.o
                0x000033fa                tcp_setprio
 .text.tcp_arg  0x000033fe        0x4 ./Source/lwIP/core/tcp.o
                0x000033fe                tcp_arg
 .text.tcp_recv
                0x00003402        0x6 ./Source/lwIP/core/tcp.o
                0x00003402                tcp_recv
 .text.tcp_sent
                0x00003408        0x6 ./Source/lwIP/core/tcp.o
                0x00003408                tcp_sent
 .text.tcp_err  0x0000340e        0x6 ./Source/lwIP/core/tcp.o
                0x0000340e                tcp_err
 .text.tcp_accept
                0x00003414        0x4 ./Source/lwIP/core/tcp.o
                0x00003414                tcp_accept
 .text.tcp_poll
                0x00003418        0xa ./Source/lwIP/core/tcp.o
                0x00003418                tcp_poll
 .text.tcp_pcb_purge
                0x00003422       0x3a ./Source/lwIP/core/tcp.o
                0x00003422                tcp_pcb_purge
 .text.tcp_slowtmr
                0x0000345c      0x374 ./Source/lwIP/core/tcp.o
                0x0000345c                tcp_slowtmr
 .text.tcp_pcb_remove
                0x000037d0       0xb0 ./Source/lwIP/core/tcp.o
                0x000037d0                tcp_pcb_remove
 .text.tcp_abandon
                0x00003880       0xb8 ./Source/lwIP/core/tcp.o
                0x00003880                tcp_abandon
 .text.tcp_abort
                0x00003938        0x6 ./Source/lwIP/core/tcp.o
                0x00003938                tcp_abort
 *fill*         0x0000393e        0x2 00
 .text.tcp_close_shutdown
                0x00003940      0x144 ./Source/lwIP/core/tcp.o
 .text.tcp_shutdown
                0x00003a84       0x54 ./Source/lwIP/core/tcp.o
                0x00003a84                tcp_shutdown
 .text.tcp_close
                0x00003ad8       0x18 ./Source/lwIP/core/tcp.o
                0x00003ad8                tcp_close
 .text.tcp_recv_null
                0x00003af0       0x24 ./Source/lwIP/core/tcp.o
                0x00003af0                tcp_recv_null
 .text.tcp_fasttmr
                0x00003b14       0x68 ./Source/lwIP/core/tcp.o
                0x00003b14                tcp_fasttmr
 .text.tcp_tmr  0x00003b7c       0x24 ./Source/lwIP/core/tcp.o
                0x00003b7c                tcp_tmr
 .text.tcp_next_iss
                0x00003ba0       0x18 ./Source/lwIP/core/tcp.o
                0x00003ba0                tcp_next_iss
 .text.tcp_alloc
                0x00003bb8      0x104 ./Source/lwIP/core/tcp.o
                0x00003bb8                tcp_alloc
 .text.tcp_new  0x00003cbc        0x6 ./Source/lwIP/core/tcp.o
                0x00003cbc                tcp_new
 .text.tcp_eff_send_mss
                0x00003cc2       0x1e ./Source/lwIP/core/tcp.o
                0x00003cc2                tcp_eff_send_mss
 .text.tcp_receive
                0x00003ce0      0x6c0 ./Source/lwIP/core/tcp_in.o
 .text.tcp_parseopt.clone.0
                0x000043a0       0x90 ./Source/lwIP/core/tcp_in.o
 .text.tcp_input
                0x00004430      0xb00 ./Source/lwIP/core/tcp_in.o
                0x00004430                tcp_input
 .text.tcp_pbuf_prealloc
                0x00004f30       0x84 ./Source/lwIP/core/tcp_out.o
 .text.tcp_create_segment
                0x00004fb4       0xcc ./Source/lwIP/core/tcp_out.o
 .text.tcp_output_alloc_header.clone.0
                0x00005080       0xbc ./Source/lwIP/core/tcp_out.o
 .text.tcp_write
                0x0000513c      0x4a8 ./Source/lwIP/core/tcp_out.o
                0x0000513c                tcp_write
 .text.tcp_enqueue_flags
                0x000055e4      0x168 ./Source/lwIP/core/tcp_out.o
                0x000055e4                tcp_enqueue_flags
 .text.tcp_send_fin
                0x0000574c       0x52 ./Source/lwIP/core/tcp_out.o
                0x0000574c                tcp_send_fin
 .text.tcp_send_empty_ack
                0x0000579e       0x60 ./Source/lwIP/core/tcp_out.o
                0x0000579e                tcp_send_empty_ack
 *fill*         0x000057fe        0x2 00
 .text.tcp_output
                0x00005800      0x398 ./Source/lwIP/core/tcp_out.o
                0x00005800                tcp_output
 .text.tcp_rst  0x00005b98       0xec ./Source/lwIP/core/tcp_out.o
                0x00005b98                tcp_rst
 .text.tcp_rexmit_rto
                0x00005c84       0x30 ./Source/lwIP/core/tcp_out.o
                0x00005c84                tcp_rexmit_rto
 .text.tcp_rexmit
                0x00005cb4       0x6c ./Source/lwIP/core/tcp_out.o
                0x00005cb4                tcp_rexmit
 .text.tcp_rexmit_fast
                0x00005d20       0x5a ./Source/lwIP/core/tcp_out.o
                0x00005d20                tcp_rexmit_fast
 .text.tcp_keepalive
                0x00005d7a       0x56 ./Source/lwIP/core/tcp_out.o
                0x00005d7a                tcp_keepalive
 .text.tcp_zero_window_probe
                0x00005dd0       0xf0 ./Source/lwIP/core/tcp_out.o
                0x00005dd0                tcp_zero_window_probe
 .text.icmp_input
                0x00005ec0      0x214 ./Source/lwIP/core/ipv4/icmp.o
                0x00005ec0                icmp_input
 .text.icmp_dest_unreach
                0x000060d4       0xb4 ./Source/lwIP/core/ipv4/icmp.o
                0x000060d4                icmp_dest_unreach
 .text.lwip_standard_chksum
                0x00006188       0x58 ./Source/lwIP/core/ipv4/inet_chksum.o
 .text.inet_chksum_pseudo
                0x000061e0       0x96 ./Source/lwIP/core/ipv4/inet_chksum.o
                0x000061e0                inet_chksum_pseudo
 .text.inet_chksum
                0x00006276        0xc ./Source/lwIP/core/ipv4/inet_chksum.o
                0x00006276                inet_chksum
 .text.inet_chksum_pbuf
                0x00006282       0x4e ./Source/lwIP/core/ipv4/inet_chksum.o
                0x00006282                inet_chksum_pbuf
 .text.ip_route
                0x000062d0       0x44 ./Source/lwIP/core/ipv4/ip.o
                0x000062d0                ip_route
 .text.ip_input
                0x00006314      0x184 ./Source/lwIP/core/ipv4/ip.o
                0x00006314                ip_input
 .text.ip_output_if
                0x00006498      0x1b0 ./Source/lwIP/core/ipv4/ip.o
                0x00006498                ip_output_if
 .text.ip_output
                0x00006648       0x68 ./Source/lwIP/core/ipv4/ip.o
                0x00006648                ip_output
 .text.ip4_addr_isbroadcast
                0x000066b0       0x40 ./Source/lwIP/core/ipv4/ip_addr.o
                0x000066b0                ip4_addr_isbroadcast
 .text.netconn_recv_data
                0x000066f0      0x124 ./Source/lwIP/api/api_lib.o
 .text.netconn_new_with_proto_and_callback
                0x00006814       0xcc ./Source/lwIP/api/api_lib.o
                0x00006814                netconn_new_with_proto_and_callback
 .text.netconn_delete
                0x000068e0       0x24 ./Source/lwIP/api/api_lib.o
                0x000068e0                netconn_delete
 .text.netconn_getaddr
                0x00006904       0x94 ./Source/lwIP/api/api_lib.o
                0x00006904                netconn_getaddr
 .text.netconn_bind
                0x00006998       0x5c ./Source/lwIP/api/api_lib.o
                0x00006998                netconn_bind
 .text.netconn_listen_with_backlog
                0x000069f4       0x58 ./Source/lwIP/api/api_lib.o
                0x000069f4                netconn_listen_with_backlog
 .text.netconn_accept
                0x00006a4c       0xcc ./Source/lwIP/api/api_lib.o
                0x00006a4c                netconn_accept
 .text.netconn_recv_tcp_pbuf
                0x00006b18       0x38 ./Source/lwIP/api/api_lib.o
                0x00006b18                netconn_recv_tcp_pbuf
 .text.netconn_recv
                0x00006b50       0xe4 ./Source/lwIP/api/api_lib.o
                0x00006b50                netconn_recv
 .text.netconn_recved
                0x00006c34       0x2c ./Source/lwIP/api/api_lib.o
                0x00006c34                netconn_recved
 .text.netconn_write
                0x00006c60       0x88 ./Source/lwIP/api/api_lib.o
                0x00006c60                netconn_write
 .text.setup_tcp
                0x00006ce8       0x44 ./Source/lwIP/api/api_msg.o
 .text.do_close_internal
                0x00006d2c      0x1cc ./Source/lwIP/api/api_msg.o
 .text.err_tcp  0x00006ef8       0xfc ./Source/lwIP/api/api_msg.o
 .text.recv_tcp
                0x00006ff4       0xe0 ./Source/lwIP/api/api_msg.o
 .text.do_writemore
                0x000070d4      0x1c0 ./Source/lwIP/api/api_msg.o
 .text.poll_tcp
                0x00007294       0x7c ./Source/lwIP/api/api_msg.o
 .text.sent_tcp
                0x00007310       0x78 ./Source/lwIP/api/api_msg.o
 .text.do_newconn
                0x00007388       0x3e ./Source/lwIP/api/api_msg.o
                0x00007388                do_newconn
 *fill*         0x000073c6        0x2 00
 .text.netconn_alloc
                0x000073c8       0xa4 ./Source/lwIP/api/api_msg.o
                0x000073c8                netconn_alloc
 .text.netconn_free
                0x0000746c       0x84 ./Source/lwIP/api/api_msg.o
                0x0000746c                netconn_free
 .text.netconn_drain
                0x000074f0       0xb4 ./Source/lwIP/api/api_msg.o
 .text.accept_function
                0x000075a4       0x60 ./Source/lwIP/api/api_msg.o
 .text.do_delconn
                0x00007604       0xe8 ./Source/lwIP/api/api_msg.o
                0x00007604                do_delconn
 .text.do_bind  0x000076ec       0x3c ./Source/lwIP/api/api_msg.o
                0x000076ec                do_bind
 .text.do_listen
                0x00007728       0x9c ./Source/lwIP/api/api_msg.o
                0x00007728                do_listen
 .text.do_recv  0x000077c4       0x3a ./Source/lwIP/api/api_msg.o
                0x000077c4                do_recv
 *fill*         0x000077fe        0x2 00
 .text.do_write
                0x00007800       0x98 ./Source/lwIP/api/api_msg.o
                0x00007800                do_write
 .text.do_getaddr
                0x00007898       0x70 ./Source/lwIP/api/api_msg.o
                0x00007898                do_getaddr
 .text.netbuf_delete
                0x00007908       0x22 ./Source/lwIP/api/netbuf.o
                0x00007908                netbuf_delete
 *fill*         0x0000792a        0x2 00
 .text.get_socket
                0x0000792c       0x20 ./Source/lwIP/api/sockets.o
 .text.alloc_socket
                0x0000794c       0x74 ./Source/lwIP/api/sockets.o
 .text.event_callback
                0x000079c0      0x140 ./Source/lwIP/api/sockets.o
 .text.lwip_socket_init
                0x00007b00        0x2 ./Source/lwIP/api/sockets.o
                0x00007b00                lwip_socket_init
 *fill*         0x00007b02        0x2 00
 .text.lwip_accept
                0x00007b04      0x194 ./Source/lwIP/api/sockets.o
                0x00007b04                lwip_accept
 .text.lwip_bind
                0x00007c98       0x80 ./Source/lwIP/api/sockets.o
                0x00007c98                lwip_bind
 .text.lwip_close
                0x00007d18       0x88 ./Source/lwIP/api/sockets.o
                0x00007d18                lwip_close
 .text.lwip_listen
                0x00007da0       0x44 ./Source/lwIP/api/sockets.o
                0x00007da0                lwip_listen
 .text.lwip_recvfrom
                0x00007de4      0x220 ./Source/lwIP/api/sockets.o
                0x00007de4                lwip_recvfrom
 .text.lwip_recv
                0x00008004        0xe ./Source/lwIP/api/sockets.o
                0x00008004                lwip_recv
 *fill*         0x00008012        0x2 00
 .text.lwip_send
                0x00008014       0x90 ./Source/lwIP/api/sockets.o
                0x00008014                lwip_send
 .text.lwip_socket
                0x000080a4       0x70 ./Source/lwIP/api/sockets.o
                0x000080a4                lwip_socket
 .text.tcpip_thread
                0x00008114       0xa4 ./Source/lwIP/api/tcpip.o
 .text.tcpip_input
                0x000081b8       0x40 ./Source/lwIP/api/tcpip.o
                0x000081b8                tcpip_input
 .text.tcpip_apimsg
                0x000081f8       0x34 ./Source/lwIP/api/tcpip.o
                0x000081f8                tcpip_apimsg
 .text.tcpip_init
                0x0000822c       0x68 ./Source/lwIP/api/tcpip.o
                0x0000822c                tcpip_init
 .text.pvPortMalloc
                0x00008294       0xb8 ./Source/MemMang/heap_2.o
                0x00008294                pvPortMalloc
 .text.vPortFree
                0x0000834c       0x40 ./Source/MemMang/heap_2.o
                0x0000834c                vPortFree
 .text.SSP1_IRQHandler
                0x0000838c      0x1a0 ./Source/FreeRTOS-Products/FreeRTOS-Plus-IO/Device/LPC17xx/FreeRTOS_lpc17xx_ssp.o
                0x0000838c                SSP1_IRQHandler
 .text.prvHelpCommand
                0x0000852c       0x30 ./Source/FreeRTOS-Products/FreeRTOS-Plus-CLI/FreeRTOS_CLI.o
 .text.FreeRTOS_CLIRegisterCommand
                0x0000855c       0x44 ./Source/FreeRTOS-Products/FreeRTOS-Plus-CLI/FreeRTOS_CLI.o
                0x0000855c                FreeRTOS_CLIRegisterCommand
 .text.FreeRTOS_CLIProcessCommand
                0x000085a0       0xc8 ./Source/FreeRTOS-Products/FreeRTOS-Plus-CLI/FreeRTOS_CLI.o
                0x000085a0                FreeRTOS_CLIProcessCommand
 .text.FreeRTOS_CLIGetOutputBuffer
                0x00008668        0x8 ./Source/FreeRTOS-Products/FreeRTOS-Plus-CLI/FreeRTOS_CLI.o
                0x00008668                FreeRTOS_CLIGetOutputBuffer
 .text.vListInitialise
                0x00008670       0x16 ./Source/FreeRTOS-Products/FreeRTOS/list.o
                0x00008670                vListInitialise
 .text.vListInitialiseItem
                0x00008686        0x6 ./Source/FreeRTOS-Products/FreeRTOS/list.o
                0x00008686                vListInitialiseItem
 .text.vListInsertEnd
                0x0000868c       0x1a ./Source/FreeRTOS-Products/FreeRTOS/list.o
                0x0000868c                vListInsertEnd
 .text.vListInsert
                0x000086a6       0x32 ./Source/FreeRTOS-Products/FreeRTOS/list.o
                0x000086a6                vListInsert
 .text.vListRemove
                0x000086d8       0x20 ./Source/FreeRTOS-Products/FreeRTOS/list.o
                0x000086d8                vListRemove
 .text.prvUnlockQueue
                0x000086f8       0x64 ./Source/FreeRTOS-Products/FreeRTOS/queue.o
 .text.prvCopyDataFromQueue
                0x0000875c       0x26 ./Source/FreeRTOS-Products/FreeRTOS/queue.o
 .text.prvCopyDataToQueue
                0x00008782       0x58 ./Source/FreeRTOS-Products/FreeRTOS/queue.o
 .text.xQueueGenericReset
                0x000087da       0x56 ./Source/FreeRTOS-Products/FreeRTOS/queue.o
                0x000087da                xQueueGenericReset
 .text.xQueueGenericCreate
                0x00008830       0x46 ./Source/FreeRTOS-Products/FreeRTOS/queue.o
                0x00008830                xQueueGenericCreate
 .text.xQueueGenericSend
                0x00008876      0x104 ./Source/FreeRTOS-Products/FreeRTOS/queue.o
                0x00008876                xQueueGenericSend
 .text.xQueueCreateMutex
                0x0000897a       0x52 ./Source/FreeRTOS-Products/FreeRTOS/queue.o
                0x0000897a                xQueueCreateMutex
 .text.xQueueGenericSendFromISR
                0x000089cc       0x7a ./Source/FreeRTOS-Products/FreeRTOS/queue.o
                0x000089cc                xQueueGenericSendFromISR
 .text.xQueueGenericReceive
                0x00008a46      0x130 ./Source/FreeRTOS-Products/FreeRTOS/queue.o
                0x00008a46                xQueueGenericReceive
 .text.xQueueReceiveFromISR
                0x00008b76       0x78 ./Source/FreeRTOS-Products/FreeRTOS/queue.o
                0x00008b76                xQueueReceiveFromISR
 .text.uxQueueMessagesWaiting
                0x00008bee       0x1e ./Source/FreeRTOS-Products/FreeRTOS/queue.o
                0x00008bee                uxQueueMessagesWaiting
 .text.vQueueDelete
                0x00008c0c       0x40 ./Source/FreeRTOS-Products/FreeRTOS/queue.o
                0x00008c0c                vQueueDelete
 .text.vQueueWaitForMessageRestricted
                0x00008c4c       0x3e ./Source/FreeRTOS-Products/FreeRTOS/queue.o
                0x00008c4c                vQueueWaitForMessageRestricted
 .text.usTaskCheckFreeStackSpace
                0x00008c8a       0x14 ./Source/FreeRTOS-Products/FreeRTOS/tasks.o
 *fill*         0x00008c9e        0x2 00
 .text.prvAddCurrentTaskToDelayedList
                0x00008ca0       0x50 ./Source/FreeRTOS-Products/FreeRTOS/tasks.o
 .text.prvGenerateRunTimeStatsForTasksInList
                0x00008cf0       0x94 ./Source/FreeRTOS-Products/FreeRTOS/tasks.o
 .text.prvListTaskWithinSingleList
                0x00008d84       0x70 ./Source/FreeRTOS-Products/FreeRTOS/tasks.o
 .text.xTaskGenericCreate
                0x00008df4      0x1d8 ./Source/FreeRTOS-Products/FreeRTOS/tasks.o
                0x00008df4                xTaskGenericCreate
 .text.vTaskDelete
                0x00008fcc       0x70 ./Source/FreeRTOS-Products/FreeRTOS/tasks.o
                0x00008fcc                vTaskDelete
 .text.vTaskStartScheduler
                0x0000903c       0x68 ./Source/FreeRTOS-Products/FreeRTOS/tasks.o
                0x0000903c                vTaskStartScheduler
 .text.vTaskSuspendAll
                0x000090a4       0x10 ./Source/FreeRTOS-Products/FreeRTOS/tasks.o
                0x000090a4                vTaskSuspendAll
 .text.xTaskGetTickCount
                0x000090b4       0x18 ./Source/FreeRTOS-Products/FreeRTOS/tasks.o
                0x000090b4                xTaskGetTickCount
 .text.xTaskGetTickCountFromISR
                0x000090cc       0x1c ./Source/FreeRTOS-Products/FreeRTOS/tasks.o
                0x000090cc                xTaskGetTickCountFromISR
 .text.vTaskIncrementTick
                0x000090e8       0xdc ./Source/FreeRTOS-Products/FreeRTOS/tasks.o
                0x000090e8                vTaskIncrementTick
 .text.xTaskResumeAll
                0x000091c4       0xd0 ./Source/FreeRTOS-Products/FreeRTOS/tasks.o
                0x000091c4                xTaskResumeAll
 .text.vTaskGetRunTimeStats
                0x00009294       0xa4 ./Source/FreeRTOS-Products/FreeRTOS/tasks.o
                0x00009294                vTaskGetRunTimeStats
 .text.vTaskList
                0x00009338       0x98 ./Source/FreeRTOS-Products/FreeRTOS/tasks.o
                0x00009338                vTaskList
 .text.prvIdleTask
                0x000093d0       0x54 ./Source/FreeRTOS-Products/FreeRTOS/tasks.o
 .text.vTaskDelay
                0x00009424       0x38 ./Source/FreeRTOS-Products/FreeRTOS/tasks.o
                0x00009424                vTaskDelay
 .text.vTaskSwitchContext
                0x0000945c       0xc0 ./Source/FreeRTOS-Products/FreeRTOS/tasks.o
                0x0000945c                vTaskSwitchContext
 .text.vTaskPlaceOnEventList
                0x0000951c       0x50 ./Source/FreeRTOS-Products/FreeRTOS/tasks.o
                0x0000951c                vTaskPlaceOnEventList
 .text.vTaskPlaceOnEventListRestricted
                0x0000956c       0x38 ./Source/FreeRTOS-Products/FreeRTOS/tasks.o
                0x0000956c                vTaskPlaceOnEventListRestricted
 .text.xTaskRemoveFromEventList
                0x000095a4       0x70 ./Source/FreeRTOS-Products/FreeRTOS/tasks.o
                0x000095a4                xTaskRemoveFromEventList
 .text.vTaskSetTimeOutState
                0x00009614       0x24 ./Source/FreeRTOS-Products/FreeRTOS/tasks.o
                0x00009614                vTaskSetTimeOutState
 .text.xTaskCheckForTimeOut
                0x00009638       0x70 ./Source/FreeRTOS-Products/FreeRTOS/tasks.o
                0x00009638                xTaskCheckForTimeOut
 .text.vTaskMissedYield
                0x000096a8        0xc ./Source/FreeRTOS-Products/FreeRTOS/tasks.o
                0x000096a8                vTaskMissedYield
 .text.xTaskGetCurrentTaskHandle
                0x000096b4        0xc ./Source/FreeRTOS-Products/FreeRTOS/tasks.o
                0x000096b4                xTaskGetCurrentTaskHandle
 .text.xTaskGetSchedulerState
                0x000096c0       0x1c ./Source/FreeRTOS-Products/FreeRTOS/tasks.o
                0x000096c0                xTaskGetSchedulerState
 .text.vTaskPriorityInherit
                0x000096dc       0x74 ./Source/FreeRTOS-Products/FreeRTOS/tasks.o
                0x000096dc                vTaskPriorityInherit
 .text.vTaskPriorityDisinherit
                0x00009750       0x48 ./Source/FreeRTOS-Products/FreeRTOS/tasks.o
                0x00009750                vTaskPriorityDisinherit
 .text.prvCheckForValidListAndQueue
                0x00009798       0x50 ./Source/FreeRTOS-Products/FreeRTOS/timers.o
 .text.prvInsertTimerInActiveList
                0x000097e8       0x40 ./Source/FreeRTOS-Products/FreeRTOS/timers.o
 .text.xTimerCreateTimerTask
                0x00009828       0x40 ./Source/FreeRTOS-Products/FreeRTOS/timers.o
                0x00009828                xTimerCreateTimerTask
 .text.xTimerCreate
                0x00009868       0x40 ./Source/FreeRTOS-Products/FreeRTOS/timers.o
                0x00009868                xTimerCreate
 .text.xTimerGenericCommand
                0x000098a8       0x44 ./Source/FreeRTOS-Products/FreeRTOS/timers.o
                0x000098a8                xTimerGenericCommand
 .text.prvSampleTimeNow
                0x000098ec       0xa8 ./Source/FreeRTOS-Products/FreeRTOS/timers.o
 .text.prvTimerTask
                0x00009994      0x13c ./Source/FreeRTOS-Products/FreeRTOS/timers.o
 .text.pxPortInitialiseStack
                0x00009ad0       0x20 ./Source/FreeRTOS-Products/FreeRTOS/portable/GCC/ARM_CM3/port.o
                0x00009ad0                pxPortInitialiseStack
 .text.SVCall_Handler
                0x00009af0       0x20 ./Source/FreeRTOS-Products/FreeRTOS/portable/GCC/ARM_CM3/port.o
                0x00009af0                SVCall_Handler
 .text.vPortStartFirstTask
                0x00009b10       0x14 ./Source/FreeRTOS-Products/FreeRTOS/portable/GCC/ARM_CM3/port.o
                0x00009b10                vPortStartFirstTask
 .text.xPortStartScheduler
                0x00009b24       0x4c ./Source/FreeRTOS-Products/FreeRTOS/portable/GCC/ARM_CM3/port.o
                0x00009b24                xPortStartScheduler
 .text.vPortYieldFromISR
                0x00009b70       0x10 ./Source/FreeRTOS-Products/FreeRTOS/portable/GCC/ARM_CM3/port.o
                0x00009b70                vPortYieldFromISR
 .text.vPortEnterCritical
                0x00009b80       0x18 ./Source/FreeRTOS-Products/FreeRTOS/portable/GCC/ARM_CM3/port.o
                0x00009b80                vPortEnterCritical
 .text.vPortExitCritical
                0x00009b98       0x18 ./Source/FreeRTOS-Products/FreeRTOS/portable/GCC/ARM_CM3/port.o
                0x00009b98                vPortExitCritical
 .text.PendSV_Handler
                0x00009bb0       0x3c ./Source/FreeRTOS-Products/FreeRTOS/portable/GCC/ARM_CM3/port.o
                0x00009bb0                PendSV_Handler
 .text.SysTick_Handler
                0x00009bec       0x24 ./Source/FreeRTOS-Products/FreeRTOS/portable/GCC/ARM_CM3/port.o
                0x00009bec                SysTick_Handler
 .text.prvGPIOTimerCallback
                0x00009c10       0x60 ./Source/Examples/GPIO/GPIO-output-and-software-timers.o
 .text.vGPIOSoftwareTimersStart
                0x00009c70       0x78 ./Source/Examples/GPIO/GPIO-output-and-software-timers.o
                0x00009c70                vGPIOSoftwareTimersStart
 .text.rx_descr_init
                0x00009ce8       0xc8 C:\Users\m.paffi.ATESISTEMI\Documents\CCTA-OS\lpc17xx.cmsis.driver.library\Debug\liblpc17xx.cmsis.driver.library.a(lpc17xx_emac.o)
 .text.tx_descr_init
                0x00009db0       0xb0 C:\Users\m.paffi.ATESISTEMI\Documents\CCTA-OS\lpc17xx.cmsis.driver.library\Debug\liblpc17xx.cmsis.driver.library.a(lpc17xx_emac.o)
 .text.write_PHY
                0x00009e60       0x68 C:\Users\m.paffi.ATESISTEMI\Documents\CCTA-OS\lpc17xx.cmsis.driver.library\Debug\liblpc17xx.cmsis.driver.library.a(lpc17xx_emac.o)
 .text.read_PHY
                0x00009ec8       0x74 C:\Users\m.paffi.ATESISTEMI\Documents\CCTA-OS\lpc17xx.cmsis.driver.library\Debug\liblpc17xx.cmsis.driver.library.a(lpc17xx_emac.o)
 .text.setEmacAddr
                0x00009f3c       0x68 C:\Users\m.paffi.ATESISTEMI\Documents\CCTA-OS\lpc17xx.cmsis.driver.library\Debug\liblpc17xx.cmsis.driver.library.a(lpc17xx_emac.o)
 .text.EMAC_Init
                0x00009fa4      0x1e0 C:\Users\m.paffi.ATESISTEMI\Documents\CCTA-OS\lpc17xx.cmsis.driver.library\Debug\liblpc17xx.cmsis.driver.library.a(lpc17xx_emac.o)
                0x00009fa4                EMAC_Init
 .text.EMAC_SetPHYMode
                0x0000a184      0x110 C:\Users\m.paffi.ATESISTEMI\Documents\CCTA-OS\lpc17xx.cmsis.driver.library\Debug\liblpc17xx.cmsis.driver.library.a(lpc17xx_emac.o)
                0x0000a184                EMAC_SetPHYMode
 .text.EMAC_UpdatePHYStatus
                0x0000a294       0xbc C:\Users\m.paffi.ATESISTEMI\Documents\CCTA-OS\lpc17xx.cmsis.driver.library\Debug\liblpc17xx.cmsis.driver.library.a(lpc17xx_emac.o)
                0x0000a294                EMAC_UpdatePHYStatus
 .text.EMAC_NextPacketToSend
                0x0000a350       0x24 C:\Users\m.paffi.ATESISTEMI\Documents\CCTA-OS\lpc17xx.cmsis.driver.library\Debug\liblpc17xx.cmsis.driver.library.a(lpc17xx_emac.o)
                0x0000a350                EMAC_NextPacketToSend
 .text.EMAC_StartTransmitNextBuffer
                0x0000a374       0x58 C:\Users\m.paffi.ATESISTEMI\Documents\CCTA-OS\lpc17xx.cmsis.driver.library\Debug\liblpc17xx.cmsis.driver.library.a(lpc17xx_emac.o)
                0x0000a374                EMAC_StartTransmitNextBuffer
 .text.EMAC_NextPacketToRead
                0x0000a3cc       0x24 C:\Users\m.paffi.ATESISTEMI\Documents\CCTA-OS\lpc17xx.cmsis.driver.library\Debug\liblpc17xx.cmsis.driver.library.a(lpc17xx_emac.o)
                0x0000a3cc                EMAC_NextPacketToRead
 .text.EMAC_CheckReceiveIndex
                0x0000a3f0       0x2c C:\Users\m.paffi.ATESISTEMI\Documents\CCTA-OS\lpc17xx.cmsis.driver.library\Debug\liblpc17xx.cmsis.driver.library.a(lpc17xx_emac.o)
                0x0000a3f0                EMAC_CheckReceiveIndex
 .text.EMAC_CheckTransmitIndex
                0x0000a41c       0x54 C:\Users\m.paffi.ATESISTEMI\Documents\CCTA-OS\lpc17xx.cmsis.driver.library\Debug\liblpc17xx.cmsis.driver.library.a(lpc17xx_emac.o)
                0x0000a41c                EMAC_CheckTransmitIndex
 .text.EMAC_CheckReceiveDataStatus
                0x0000a470       0x40 C:\Users\m.paffi.ATESISTEMI\Documents\CCTA-OS\lpc17xx.cmsis.driver.library\Debug\liblpc17xx.cmsis.driver.library.a(lpc17xx_emac.o)
                0x0000a470                EMAC_CheckReceiveDataStatus
 .text.EMAC_GetReceiveDataSize
                0x0000a4b0       0x34 C:\Users\m.paffi.ATESISTEMI\Documents\CCTA-OS\lpc17xx.cmsis.driver.library\Debug\liblpc17xx.cmsis.driver.library.a(lpc17xx_emac.o)
                0x0000a4b0                EMAC_GetReceiveDataSize
 .text.EMAC_UpdateRxConsumeIndex
                0x0000a4e4       0x38 C:\Users\m.paffi.ATESISTEMI\Documents\CCTA-OS\lpc17xx.cmsis.driver.library\Debug\liblpc17xx.cmsis.driver.library.a(lpc17xx_emac.o)
                0x0000a4e4                EMAC_UpdateRxConsumeIndex
 .text.GPIO_GetPointer
                0x0000a51c       0x7c C:\Users\m.paffi.ATESISTEMI\Documents\CCTA-OS\lpc17xx.cmsis.driver.library\Debug\liblpc17xx.cmsis.driver.library.a(lpc17xx_gpio.o)
 .text.GPIO_SetDir
                0x0000a598       0x58 C:\Users\m.paffi.ATESISTEMI\Documents\CCTA-OS\lpc17xx.cmsis.driver.library\Debug\liblpc17xx.cmsis.driver.library.a(lpc17xx_gpio.o)
                0x0000a598                GPIO_SetDir
 .text.GPIO_SetValue
                0x0000a5f0       0x2c C:\Users\m.paffi.ATESISTEMI\Documents\CCTA-OS\lpc17xx.cmsis.driver.library\Debug\liblpc17xx.cmsis.driver.library.a(lpc17xx_gpio.o)
                0x0000a5f0                GPIO_SetValue
 .text.GPIO_ClearValue
                0x0000a61c       0x2c C:\Users\m.paffi.ATESISTEMI\Documents\CCTA-OS\lpc17xx.cmsis.driver.library\Debug\liblpc17xx.cmsis.driver.library.a(lpc17xx_gpio.o)
                0x0000a61c                GPIO_ClearValue
 .text.set_PinFunc
                0x0000a648       0xa0 C:\Users\m.paffi.ATESISTEMI\Documents\CCTA-OS\lpc17xx.cmsis.driver.library\Debug\liblpc17xx.cmsis.driver.library.a(lpc17xx_pinsel.o)
 .text.set_ResistorMode
                0x0000a6e8       0xa0 C:\Users\m.paffi.ATESISTEMI\Documents\CCTA-OS\lpc17xx.cmsis.driver.library\Debug\liblpc17xx.cmsis.driver.library.a(lpc17xx_pinsel.o)
 .text.set_OpenDrainMode
                0x0000a788       0x80 C:\Users\m.paffi.ATESISTEMI\Documents\CCTA-OS\lpc17xx.cmsis.driver.library\Debug\liblpc17xx.cmsis.driver.library.a(lpc17xx_pinsel.o)
 .text.PINSEL_ConfigPin
                0x0000a808       0x54 C:\Users\m.paffi.ATESISTEMI\Documents\CCTA-OS\lpc17xx.cmsis.driver.library\Debug\liblpc17xx.cmsis.driver.library.a(lpc17xx_pinsel.o)
                0x0000a808                PINSEL_ConfigPin
 .text.CLKPWR_ConfigPPWR
                0x0000a85c       0x80 C:\Users\m.paffi.ATESISTEMI\Documents\CCTA-OS\lpc17xx.cmsis.driver.library\Debug\liblpc17xx.cmsis.driver.library.a(lpc17xx_clkpwr.o)
                0x0000a85c                CLKPWR_ConfigPPWR
 .text.SystemInit
                0x0000a8dc       0xe4 C:\Users\m.paffi.ATESISTEMI\Documents\CCTA-OS\CMSISv2p00_LPC17xx\Debug\libCMSISv2p00_LPC17xx.a(system_LPC17xx.o)
                0x0000a8dc                SystemInit
 .text.__main   0x0000a9c0       0x14 c:/code_red/redsuitenxp_4.0.6_249/redsuite/tools/bin/../lib/gcc/arm-none-eabi/4.5.1/../../../../arm-none-eabi/lib/thumb2\libcr_nohost.a(_cr__main.o)
                0x0000a9c0                __main
 .text.fflush   0x0000a9d4       0x34 c:/code_red/redsuitenxp_4.0.6_249/redsuite/tools/bin/../lib/gcc/arm-none-eabi/4.5.1/../../../../arm-none-eabi/lib/thumb2\libcr_c.a(fflush.o)
                0x0000a9d4                fflush
 .text._initio  0x0000aa08       0x9c c:/code_red/redsuitenxp_4.0.6_249/redsuite/tools/bin/../lib/gcc/arm-none-eabi/4.5.1/../../../../arm-none-eabi/lib/thumb2\libcr_c.a(initio.o)
                0x0000aa08                _initio
 .text._terminateio
                0x0000aaa4       0x48 c:/code_red/redsuitenxp_4.0.6_249/redsuite/tools/bin/../lib/gcc/arm-none-eabi/4.5.1/../../../../arm-none-eabi/lib/thumb2\libcr_c.a(initio.o)
                0x0000aaa4                _terminateio
 .text.memcmp   0x0000aaec       0x46 c:/code_red/redsuitenxp_4.0.6_249/redsuite/tools/bin/../lib/gcc/arm-none-eabi/4.5.1/../../../../arm-none-eabi/lib/thumb2\libcr_c.a(memcmp.o)
                0x0000aaec                memcmp
 *fill*         0x0000ab32        0x2 00
 .text.setvbuf  0x0000ab34       0x48 c:/code_red/redsuitenxp_4.0.6_249/redsuite/tools/bin/../lib/gcc/arm-none-eabi/4.5.1/../../../../arm-none-eabi/lib/thumb2\libcr_c.a(setvbuf.o)
                0x0000ab34                setvbuf
 .text.exit     0x0000ab7c       0x2c c:/code_red/redsuitenxp_4.0.6_249/redsuite/tools/bin/../lib/gcc/arm-none-eabi/4.5.1/../../../../arm-none-eabi/lib/thumb2\libcr_c.a(stdlib.o)
                0x0000ab7c                exit
 .text.abort    0x0000aba8       0x12 c:/code_red/redsuitenxp_4.0.6_249/redsuite/tools/bin/../lib/gcc/arm-none-eabi/4.5.1/../../../../arm-none-eabi/lib/thumb2\libcr_c.a(stdlib.o)
                0x0000aba8                abort
 .text.strcat   0x0000abba       0x1c c:/code_red/redsuitenxp_4.0.6_249/redsuite/tools/bin/../lib/gcc/arm-none-eabi/4.5.1/../../../../arm-none-eabi/lib/thumb2\libcr_c.a(strcat.o)
                0x0000abba                strcat
 .text.strchr   0x0000abd6       0x18 c:/code_red/redsuitenxp_4.0.6_249/redsuite/tools/bin/../lib/gcc/arm-none-eabi/4.5.1/../../../../arm-none-eabi/lib/thumb2\libcr_c.a(strchr.o)
                0x0000abd6                strchr
 .text.strcmp   0x0000abee       0x46 c:/code_red/redsuitenxp_4.0.6_249/redsuite/tools/bin/../lib/gcc/arm-none-eabi/4.5.1/../../../../arm-none-eabi/lib/thumb2\libcr_c.a(strcmp.o)
                0x0000abee                strcmp
 .text.strcpy   0x0000ac34       0x42 c:/code_red/redsuitenxp_4.0.6_249/redsuite/tools/bin/../lib/gcc/arm-none-eabi/4.5.1/../../../../arm-none-eabi/lib/thumb2\libcr_c.a(strcpy.o)
                0x0000ac34                strcpy
 .text.strlen   0x0000ac76       0x4e c:/code_red/redsuitenxp_4.0.6_249/redsuite/tools/bin/../lib/gcc/arm-none-eabi/4.5.1/../../../../arm-none-eabi/lib/thumb2\libcr_c.a(strlen.o)
                0x0000ac76                strlen
 .text.strncmp  0x0000acc4       0x58 c:/code_red/redsuitenxp_4.0.6_249/redsuite/tools/bin/../lib/gcc/arm-none-eabi/4.5.1/../../../../arm-none-eabi/lib/thumb2\libcr_c.a(strncmp.o)
                0x0000acc4                strncmp
 .text.strncpy  0x0000ad1c       0x58 c:/code_red/redsuitenxp_4.0.6_249/redsuite/tools/bin/../lib/gcc/arm-none-eabi/4.5.1/../../../../arm-none-eabi/lib/thumb2\libcr_c.a(strncpy.o)
                0x0000ad1c                strncpy
 .text.strstr   0x0000ad74       0x20 c:/code_red/redsuitenxp_4.0.6_249/redsuite/tools/bin/../lib/gcc/arm-none-eabi/4.5.1/../../../../arm-none-eabi/lib/thumb2\libcr_c.a(strstr.o)
                0x0000ad74                strstr
 .text.memcpy   0x0000ad94        0x4 c:/code_red/redsuitenxp_4.0.6_249/redsuite/tools/bin/../lib/gcc/arm-none-eabi/4.5.1/../../../../arm-none-eabi/lib/thumb2\libcr_c.a(memcpy.o)
                0x0000ad94                memcpy
 .text.memset   0x0000ad98        0x4 c:/code_red/redsuitenxp_4.0.6_249/redsuite/tools/bin/../lib/gcc/arm-none-eabi/4.5.1/../../../../arm-none-eabi/lib/thumb2\libcr_c.a(memset.o)
                0x0000ad98                memset
 .text._deferredlazyseek
                0x0000ad9c       0x44 c:/code_red/redsuitenxp_4.0.6_249/redsuite/tools/bin/../lib/gcc/arm-none-eabi/4.5.1/../../../../arm-none-eabi/lib/thumb2\libcr_c.a(_deferredlazyseek.o)
                0x0000ad9c                _deferredlazyseek
 .text._do_fflush
                0x0000ade0       0x44 c:/code_red/redsuitenxp_4.0.6_249/redsuite/tools/bin/../lib/gcc/arm-none-eabi/4.5.1/../../../../arm-none-eabi/lib/thumb2\libcr_c.a(_do_fflush.o)
                0x0000ade0                _do_fflush
 .text._fdopen  0x0000ae24       0x6e c:/code_red/redsuitenxp_4.0.6_249/redsuite/tools/bin/../lib/gcc/arm-none-eabi/4.5.1/../../../../arm-none-eabi/lib/thumb2\libcr_c.a(_fdopen.o)
                0x0000ae24                _fdopen
 .text._fflush  0x0000ae92       0x58 c:/code_red/redsuitenxp_4.0.6_249/redsuite/tools/bin/../lib/gcc/arm-none-eabi/4.5.1/../../../../arm-none-eabi/lib/thumb2\libcr_c.a(_fflush.o)
                0x0000ae92                _fflush
 *fill*         0x0000aeea        0x2 00
 .text._Cwritebuf
                0x0000aeec       0x88 c:/code_red/redsuitenxp_4.0.6_249/redsuite/tools/bin/../lib/gcc/arm-none-eabi/4.5.1/../../../../arm-none-eabi/lib/thumb2\libcr_c.a(_writebuf.o)
                0x0000aeec                _Cwritebuf
 .text.malloc   0x0000af74       0xd0 c:/code_red/redsuitenxp_4.0.6_249/redsuite/tools/bin/../lib/gcc/arm-none-eabi/4.5.1/../../../../arm-none-eabi/lib/thumb2\libcr_c.a(alloc.o)
                0x0000af74                malloc
 .text.free     0x0000b044        0xa c:/code_red/redsuitenxp_4.0.6_249/redsuite/tools/bin/../lib/gcc/arm-none-eabi/4.5.1/../../../../arm-none-eabi/lib/thumb2\libcr_c.a(alloc.o)
                0x0000b044                free
 *fill*         0x0000b04e        0x2 00
 .text._Csys_alloc
                0x0000b050       0x20 c:/code_red/redsuitenxp_4.0.6_249/redsuite/tools/bin/../lib/gcc/arm-none-eabi/4.5.1/../../../../arm-none-eabi/lib/thumb2\libcr_c.a(alloc.o)
                0x0000b050                _Csys_alloc
 .text.fclose   0x0000b070       0x72 c:/code_red/redsuitenxp_4.0.6_249/redsuite/tools/bin/../lib/gcc/arm-none-eabi/4.5.1/../../../../arm-none-eabi/lib/thumb2\libcr_c.a(fclose.o)
                0x0000b070                fclose
 *fill*         0x0000b0e2        0x2 00
 .text.fseek    0x0000b0e4      0x110 c:/code_red/redsuitenxp_4.0.6_249/redsuite/tools/bin/../lib/gcc/arm-none-eabi/4.5.1/../../../../arm-none-eabi/lib/thumb2\libcr_c.a(fseek.o)
                0x0000b0e4                fseek
 .text.ftell    0x0000b1f4       0x50 c:/code_red/redsuitenxp_4.0.6_249/redsuite/tools/bin/../lib/gcc/arm-none-eabi/4.5.1/../../../../arm-none-eabi/lib/thumb2\libcr_c.a(ftell.o)
                0x0000b1f4                ftell
 .text.raise    0x0000b244        0x6 c:/code_red/redsuitenxp_4.0.6_249/redsuite/tools/bin/../lib/gcc/arm-none-eabi/4.5.1/../../../../arm-none-eabi/lib/thumb2\libcr_c.a(raise.o)
                0x0000b244                raise
 .text.remove   0x0000b24a       0x14 c:/code_red/redsuitenxp_4.0.6_249/redsuite/tools/bin/../lib/gcc/arm-none-eabi/4.5.1/../../../../arm-none-eabi/lib/thumb2\libcr_c.a(remove.o)
                0x0000b24a                remove
 .text.__aeabi_memcpy
                0x0000b25e       0x26 c:/code_red/redsuitenxp_4.0.6_249/redsuite/tools/bin/../lib/gcc/arm-none-eabi/4.5.1/thumb2\libcr_eabihelpers.a(memcpy.o)
                0x0000b25e                __aeabi_memcpy4
                0x0000b25e                __aeabi_memcpy8
                0x0000b25e                __aeabi_memcpy
 .text.__aeabi_memset_lowlevel
                0x0000b284       0x24 c:/code_red/redsuitenxp_4.0.6_249/redsuite/tools/bin/../lib/gcc/arm-none-eabi/4.5.1/thumb2\libcr_eabihelpers.a(memcpy.o)
                0x0000b284                __aeabi_lowlevel_memset
 .text.__sys_appexit
                0x0000b2a8        0x2 c:/code_red/redsuitenxp_4.0.6_249/redsuite/tools/bin/../lib/gcc/arm-none-eabi/4.5.1/../../../../arm-none-eabi/lib/thumb2\libcr_nohost.a(__sys_appexit.o)
                0x0000b2a8                __sys_appexit
                0x0000b2a8                __exit
 .text.__sys_close
                0x0000b2aa        0x6 c:/code_red/redsuitenxp_4.0.6_249/redsuite/tools/bin/../lib/gcc/arm-none-eabi/4.5.1/../../../../arm-none-eabi/lib/thumb2\libcr_nohost.a(__sys_close.o)
                0x0000b2aa                __sys_close
 .text.__sys_flen
                0x0000b2b0        0x6 c:/code_red/redsuitenxp_4.0.6_249/redsuite/tools/bin/../lib/gcc/arm-none-eabi/4.5.1/../../../../arm-none-eabi/lib/thumb2\libcr_nohost.a(__sys_flen.o)
                0x0000b2b0                __sys_flen
 .text.__sys_istty
                0x0000b2b6        0x6 c:/code_red/redsuitenxp_4.0.6_249/redsuite/tools/bin/../lib/gcc/arm-none-eabi/4.5.1/../../../../arm-none-eabi/lib/thumb2\libcr_nohost.a(__sys_istty.o)
                0x0000b2b6                __sys_istty
 .text.__sys_remove
                0x0000b2bc        0x6 c:/code_red/redsuitenxp_4.0.6_249/redsuite/tools/bin/../lib/gcc/arm-none-eabi/4.5.1/../../../../arm-none-eabi/lib/thumb2\libcr_nohost.a(__sys_remove.o)
                0x0000b2bc                __sys_remove
 .text.__sys_seek
                0x0000b2c2        0x6 c:/code_red/redsuitenxp_4.0.6_249/redsuite/tools/bin/../lib/gcc/arm-none-eabi/4.5.1/../../../../arm-none-eabi/lib/thumb2\libcr_nohost.a(__sys_seek.o)
                0x0000b2c2                __sys_seek
 .text.__sys_tmpnam
                0x0000b2c8        0x6 c:/code_red/redsuitenxp_4.0.6_249/redsuite/tools/bin/../lib/gcc/arm-none-eabi/4.5.1/../../../../arm-none-eabi/lib/thumb2\libcr_nohost.a(__sys_tmpnam.o)
                0x0000b2c8                __sys_tmpnam
 .text.__sys_write
                0x0000b2ce        0x4 c:/code_red/redsuitenxp_4.0.6_249/redsuite/tools/bin/../lib/gcc/arm-none-eabi/4.5.1/../../../../arm-none-eabi/lib/thumb2\libcr_nohost.a(__sys_write.o)
                0x0000b2ce                __sys_write
                0x0000b2ce                __write
 *fill*         0x0000b2d2        0x2 00
 .text._sbrk    0x0000b2d4       0x40 c:/code_red/redsuitenxp_4.0.6_249/redsuite/tools/bin/../lib/gcc/arm-none-eabi/4.5.1/../../../../arm-none-eabi/lib/thumb2\libcr_nohost.a(_cr_sbrk.o)
                0x0000b2d4                _sbrk
 .text.__check_heap_overflow
                0x0000b314       0x2c c:/code_red/redsuitenxp_4.0.6_249/redsuite/tools/bin/../lib/gcc/arm-none-eabi/4.5.1/../../../../arm-none-eabi/lib/thumb2\libcr_nohost.a(_cr_check_heap.o)
                0x0000b314                __check_heap_overflow
 *(.rodata .rodata.*)
 .rodata.xRunTimeStats
                0x0000b340       0x10 ./Source/main.o
 .rodata.str1.1
                0x0000b350      0x16d ./Source/main.o
 *fill*         0x0000b4bd        0x3 00
 .rodata.xTaskStats
                0x0000b4c0       0x10 ./Source/main.o
 .rodata.str1.1
                0x0000b4d0        0x7 ./Source/printf-stdarg.o
 .rodata.ethbroadcast
                0x0000b4d7        0x6 ./Source/lwIP/netif/etharp.o
                0x0000b4d7                ethbroadcast
 .rodata.str1.1
                0x0000b4dd      0x212 ./Source/lwIP/netif/etharp.o
 .rodata.ethzero
                0x0000b6ef        0x6 ./Source/lwIP/netif/etharp.o
                0x0000b6ef                ethzero
 .rodata.str1.1
                0x0000b6f5       0x32 ./Source/lwIP/netif/ethernetif.o
                                 0x5a (size before relaxing)
 .rodata.str1.1
                0x0000b727       0x31 ./Source/lwIP/lwIP_Apps/lwIP_Apps.o
 .rodata.data__logo_jpg
                0x0000b758      0xfee ./Source/lwIP/lwIP_Apps/apps/httpserver_raw/fs.o
 .rodata.data__404_html
                0x0000c746      0x2a3 ./Source/lwIP/lwIP_Apps/apps/httpserver_raw/fs.o
 *fill*         0x0000c9e9        0x3 00
 .rodata.file__404_html
                0x0000c9ec       0x14 ./Source/lwIP/lwIP_Apps/apps/httpserver_raw/fs.o
                0x0000c9ec                file__404_html
 .rodata.file__logo_jpg
                0x0000ca00       0x14 ./Source/lwIP/lwIP_Apps/apps/httpserver_raw/fs.o
                0x0000ca00                file__logo_jpg
 .rodata.data__index_shtml
                0x0000ca14      0x3af ./Source/lwIP/lwIP_Apps/apps/httpserver_raw/fs.o
 *fill*         0x0000cdc3        0x1 00
 .rodata.file__index_shtml
                0x0000cdc4       0x14 ./Source/lwIP/lwIP_Apps/apps/httpserver_raw/fs.o
                0x0000cdc4                file__index_shtml
 .rodata.data__runtime_shtml
                0x0000cdd8      0x3ab ./Source/lwIP/lwIP_Apps/apps/httpserver_raw/fs.o
 *fill*         0x0000d183        0x1 00
 .rodata.file__runtime_shtml
                0x0000d184       0x14 ./Source/lwIP/lwIP_Apps/apps/httpserver_raw/fs.o
                0x0000d184                file__runtime_shtml
 .rodata.str1.1
                0x0000d198      0x214 ./Source/lwIP/lwIP_Apps/apps/httpserver_raw/httpd.o
                                0x258 (size before relaxing)
 .rodata.g_pcSSIExtensions
                0x0000d3ac       0x10 ./Source/lwIP/lwIP_Apps/apps/httpserver_raw/httpd.o
                0x0000d3ac                g_pcSSIExtensions
 .rodata.g_psDefaultFilenames
                0x0000d3bc       0x28 ./Source/lwIP/lwIP_Apps/apps/httpserver_raw/httpd.o
                0x0000d3bc                g_psDefaultFilenames
 .rodata.str1.1
                0x0000d3e4       0x6b ./Source/lwIP/lwIP_Apps/apps/BasicSocketCommandServer/BasicSocketCommandServer.o
                                 0x72 (size before relaxing)
 .rodata.str1.1
                0x0000d44f       0x5f ./Source/lwIP/core/lwip_timers.o
                                 0x87 (size before relaxing)
 .rodata.str1.1
                0x0000d4ae      0x1c9 ./Source/lwIP/core/mem.o
                                0x1f1 (size before relaxing)
 *fill*         0x0000d677        0x1 00
 .rodata.memp_num
                0x0000d678       0x16 ./Source/lwIP/core/memp.o
 .rodata.str1.1
                0x0000d68e       0x7b ./Source/lwIP/core/memp.o
                                 0xa3 (size before relaxing)
 *fill*         0x0000d709        0x1 00
 .rodata.memp_sizes
                0x0000d70a       0x16 ./Source/lwIP/core/memp.o
 .rodata.str1.1
                0x0000d720       0x33 ./Source/lwIP/core/netif.o
                                 0x5b (size before relaxing)
 .rodata.str1.1
                0x0000d753      0x3bc ./Source/lwIP/core/pbuf.o
                                0x3ee (size before relaxing)
 *fill*         0x0000db0f        0x1 00
 .rodata.tcp_pcb_lists
                0x0000db10       0x10 ./Source/lwIP/core/tcp.o
                0x0000db10                tcp_pcb_lists
 .rodata.tcp_backoff
                0x0000db20        0xd ./Source/lwIP/core/tcp.o
                0x0000db20                tcp_backoff
 .rodata.str1.1
                0x0000db2d      0x2f9 ./Source/lwIP/core/tcp.o
                                0x32f (size before relaxing)
 .rodata.tcp_persist_backoff
                0x0000de26        0x7 ./Source/lwIP/core/tcp.o
                0x0000de26                tcp_persist_backoff
 .rodata.str1.1
                0x0000de2d      0x25b ./Source/lwIP/core/tcp_in.o
                                0x283 (size before relaxing)
 .rodata.str1.1
                0x0000e088      0x30c ./Source/lwIP/core/tcp_out.o
                                0x334 (size before relaxing)
 .rodata.str1.1
                0x0000e394      0x10f ./Source/lwIP/core/ipv4/icmp.o
                                0x158 (size before relaxing)
 .rodata.str1.1
                0x0000e4a3       0x57 ./Source/lwIP/core/ipv4/ip.o
                                 0x7f (size before relaxing)
 *fill*         0x0000e4fa        0x2 00
 .rodata.ip_addr_any
                0x0000e4fc        0x4 ./Source/lwIP/core/ipv4/ip_addr.o
                0x0000e4fc                ip_addr_any
 .rodata.str1.1
                0x0000e500      0x28d ./Source/lwIP/api/api_lib.o
                                0x2bf (size before relaxing)
 .rodata.str1.1
                0x0000e78d      0x366 ./Source/lwIP/api/api_msg.o
                                0x3d5 (size before relaxing)
 *fill*         0x0000eaf3        0x1 00
 .rodata.err_to_errno_table
                0x0000eaf4       0x40 ./Source/lwIP/api/sockets.o
 .rodata.str1.1
                0x0000eb34      0x1ee ./Source/lwIP/api/sockets.o
                                0x216 (size before relaxing)
 .rodata.str1.1
                0x0000ed22       0x62 ./Source/lwIP/api/tcpip.o
                                 0x8a (size before relaxing)
 .rodata.xHelpCommand
                0x0000ed84       0x10 ./Source/FreeRTOS-Products/FreeRTOS-Plus-CLI/FreeRTOS_CLI.o
 .rodata.str1.1
                0x0000ed94       0xd7 ./Source/FreeRTOS-Products/FreeRTOS-Plus-CLI/FreeRTOS_CLI.o
 .rodata.ucExpectedStackBytes.1772
                0x0000ee6b       0x14 ./Source/FreeRTOS-Products/FreeRTOS/tasks.o
 .rodata.str1.1
                0x0000ee7f       0x42 ./Source/FreeRTOS-Products/FreeRTOS/tasks.o
                                 0x45 (size before relaxing)
 .rodata.str1.1
                0x0000eec1        0x8 ./Source/FreeRTOS-Products/FreeRTOS/timers.o
 .rodata.str1.1
                0x0000eec9        0x8 ./Source/Examples/GPIO/GPIO-output-and-software-timers.o
 .rodata.ucLEDPorts
                0x0000eed1        0x2 ./Source/Examples/GPIO/GPIO-output-and-software-timers.o
                0x0000eed1                ucLEDPorts
 *fill*         0x0000eed3        0x1 00
 .rodata.EMAC_clkdiv
                0x0000eed4        0x8 C:\Users\m.paffi.ATESISTEMI\Documents\CCTA-OS\lpc17xx.cmsis.driver.library\Debug\liblpc17xx.cmsis.driver.library.a(lpc17xx_emac.o)
                0x0000eed4                EMAC_clkdiv
 .rodata.str1.1
                0x00000000        0x8 c:/code_red/redsuitenxp_4.0.6_249/redsuite/tools/bin/../lib/gcc/arm-none-eabi/4.5.1/../../../../arm-none-eabi/lib/thumb2\libcr_c.a(initio.o)
                                  0x4 (size before relaxing)
 .rodata.str1.1
                0x0000eedc       0x18 c:/code_red/redsuitenxp_4.0.6_249/redsuite/tools/bin/../lib/gcc/arm-none-eabi/4.5.1/../../../../arm-none-eabi/lib/thumb2\libcr_c.a(alloc.o)
                0x0000eef4                . = ALIGN (0x4)

.glue_7         0x0000eef4        0x0
 .glue_7        0x00000000        0x0 linker stubs

.glue_7t        0x0000eef4        0x0
 .glue_7t       0x00000000        0x0 linker stubs

.vfp11_veneer   0x0000eef4        0x0
 .vfp11_veneer  0x00000000        0x0 linker stubs

.v4_bx          0x0000eef4        0x0
 .v4_bx         0x00000000        0x0 linker stubs

.ARM.extab
 *(.ARM.extab* .gnu.linkonce.armextab.*)
                0x0000eef4                __exidx_start = .

.ARM.exidx
 *(.ARM.exidx* .gnu.linkonce.armexidx.*)
                0x0000eef4                __exidx_end = .
                0x0000eef4                _etext = .

.data_RAM2      0x2007c000        0x0 load address 0x0000eef4
 FILL mask 0xff
 *(.data.$RAM2*)
 *(.data.$RamAHB32*)
                0x2007c000                . = ALIGN (0x4)

.uninit_RESERVED
 *(.bss.$RESERVED*)

.data           0x10000000       0x38 load address 0x0000eef4
 FILL mask 0xff
                0x10000000                _data = .
 *(vtable)
 *(.data*)
 .data.pccSSITags
                0x10000000        0x8 ./Source/lwIP/lwIP_Apps/lwIP_Apps.o
 .data.iss.2508
                0x10000008        0x4 ./Source/lwIP/core/tcp.o
 .data.port.2376
                0x1000000c        0x2 ./Source/lwIP/core/tcp.o
 *fill*         0x1000000e        0x2 00
 .data.xFreeBytesRemaining
                0x10000010        0x4 ./Source/MemMang/heap_2.o
 .data.xRegisteredCommands
                0x10000014        0x8 ./Source/FreeRTOS-Products/FreeRTOS-Plus-CLI/FreeRTOS_CLI.o
 .data.pxLastCommandInList.1284
                0x1000001c        0x4 ./Source/FreeRTOS-Products/FreeRTOS-Plus-CLI/FreeRTOS_CLI.o
 .data.xNextTaskUnblockTime
                0x10000020        0x4 ./Source/FreeRTOS-Products/FreeRTOS/tasks.o
 .data.uxCriticalNesting
                0x10000024        0x4 ./Source/FreeRTOS-Products/FreeRTOS/portable/GCC/ARM_CM3/port.o
 .data.ulLEDBits
                0x10000028        0x8 ./Source/Examples/GPIO/GPIO-output-and-software-timers.o
                0x10000028                ulLEDBits
 .data.ucState.2873
                0x10000030        0x1 ./Source/Examples/GPIO/GPIO-output-and-software-timers.o
 *fill*         0x10000031        0x3 00
 .data.SystemCoreClock
                0x10000034        0x4 C:\Users\m.paffi.ATESISTEMI\Documents\CCTA-OS\CMSISv2p00_LPC17xx\Debug\libCMSISv2p00_LPC17xx.a(system_LPC17xx.o)
                0x10000034                SystemCoreClock
                0x10000038                . = ALIGN (0x4)
                0x10000038                _edata = .

.bss_RAM2       0x2007c000        0x0
 *(.bss.$RAM2*)
 *(.bss.$RamAHB32*)
                0x2007c000                . = ALIGN (0x4)

.bss            0x10000038     0x3aec
                0x10000038                _bss = .
 *(.bss*)
 .bss.ulEMACTxBufferStart
                0x10000038        0x4 ./Source/main.o
 .bss.ulEMACRxBufferStart
                0x1000003c        0x4 ./Source/main.o
 .bss.pucFreeRTOSHeap
                0x10000040        0x4 ./Source/main.o
                0x10000040                pucFreeRTOSHeap
 .bss.ulClocksPer10thOfAMilliSecond
                0x10000044        0x4 ./Source/main.o
 .bss.etharp_cached_entry
                0x10000048        0x1 ./Source/lwIP/netif/etharp.o
 *fill*         0x10000049        0x3 00
 .bss.arp_table
                0x1000004c       0xa0 ./Source/lwIP/netif/etharp.o
 .bss.pxNetIfInUse
                0x100000ec        0x4 ./Source/lwIP/netif/ethernetif.o
 .bss.xInsideISR
                0x100000f0        0x4 ./Source/lwIP/netif/sys_arch.o
                0x100000f0                xInsideISR
 .bss.xNetIf.2259
                0x100000f4       0x30 ./Source/lwIP/lwIP_Apps/lwIP_Apps.o
 .bss.uiUpdateCount.2266
                0x10000124        0x4 ./Source/lwIP/lwIP_Apps/lwIP_Apps.o
 .bss.cUpdateString.2267
                0x10000128       0xc8 ./Source/lwIP/lwIP_Apps/lwIP_Apps.o
 .bss.g_pfnSSIHandler
                0x100001f0        0x4 ./Source/lwIP/lwIP_Apps/apps/httpserver_raw/httpd.o
                0x100001f0                g_pfnSSIHandler
 .bss.g_ppcTags
                0x100001f4        0x4 ./Source/lwIP/lwIP_Apps/apps/httpserver_raw/httpd.o
                0x100001f4                g_ppcTags
 .bss.g_iNumTags
                0x100001f8        0x4 ./Source/lwIP/lwIP_Apps/apps/httpserver_raw/httpd.o
                0x100001f8                g_iNumTags
 .bss.cInputString.1742
                0x100001fc       0x22 ./Source/lwIP/lwIP_Apps/apps/BasicSocketCommandServer/BasicSocketCommandServer.o
 *fill*         0x1000021e        0x2 00
 .bss.tcpip_tcp_timer_active
                0x10000220        0x4 ./Source/lwIP/core/lwip_timers.o
 .bss.next_timeout
                0x10000224        0x4 ./Source/lwIP/core/lwip_timers.o
 .bss.lfree     0x10000228        0x4 ./Source/lwIP/core/mem.o
 .bss.ram_end   0x1000022c        0x4 ./Source/lwIP/core/mem.o
 .bss.mem_mutex
                0x10000230        0x4 ./Source/lwIP/core/mem.o
 .bss.ram       0x10000234        0x4 ./Source/lwIP/core/mem.o
 .bss.memp_memory
                0x10000238     0x19e3 ./Source/lwIP/core/memp.o
 *fill*         0x10001c1b        0x1 00
 .bss.memp_tab  0x10001c1c       0x2c ./Source/lwIP/core/memp.o
 .bss.netifnum.2254
                0x10001c48        0x1 ./Source/lwIP/core/netif.o
 .bss.tcp_timer
                0x10001c49        0x1 ./Source/lwIP/core/tcp.o
 *fill*         0x10001c4a        0x2 00
 .bss.seqno     0x10001c4c        0x4 ./Source/lwIP/core/tcp_in.o
 .bss.iphdr     0x10001c50        0x4 ./Source/lwIP/core/tcp_in.o
 .bss.tcplen    0x10001c54        0x2 ./Source/lwIP/core/tcp_in.o
 *fill*         0x10001c56        0x2 00
 .bss.ackno     0x10001c58        0x4 ./Source/lwIP/core/tcp_in.o
 .bss.flags     0x10001c5c        0x1 ./Source/lwIP/core/tcp_in.o
 .bss.recv_flags
                0x10001c5d        0x1 ./Source/lwIP/core/tcp_in.o
 *fill*         0x10001c5e        0x2 00
 .bss.tcphdr    0x10001c60        0x4 ./Source/lwIP/core/tcp_in.o
 .bss.recv_data
                0x10001c64        0x4 ./Source/lwIP/core/tcp_in.o
 .bss.inseg     0x10001c68       0x10 ./Source/lwIP/core/tcp_in.o
 .bss.ip_id     0x10001c78        0x2 ./Source/lwIP/core/ipv4/ip.o
 *fill*         0x10001c7a        0x2 00
 .bss.select_cb_list
                0x10001c7c        0x4 ./Source/lwIP/api/sockets.o
 .bss.sockets   0x10001c80       0xf0 ./Source/lwIP/api/sockets.o
 .bss.select_cb_ctr
                0x10001d70        0x4 ./Source/lwIP/api/sockets.o
 .bss.mbox      0x10001d74        0x4 ./Source/lwIP/api/tcpip.o
 .bss.tcpip_init_done_arg
                0x10001d78        0x4 ./Source/lwIP/api/tcpip.o
 .bss.tcpip_init_done
                0x10001d7c        0x4 ./Source/lwIP/api/tcpip.o
 .bss.xHeapHasBeenInitialised.1312
                0x10001d80        0x4 ./Source/MemMang/heap_2.o
 .bss.xStart    0x10001d84        0x8 ./Source/MemMang/heap_2.o
 .bss.xEnd      0x10001d8c        0x8 ./Source/MemMang/heap_2.o
 .bss.ulReceiveActive
                0x10001d94        0x8 ./Source/FreeRTOS-Products/FreeRTOS-Plus-IO/Device/LPC17xx/FreeRTOS_lpc17xx_ssp.o
 .bss.pxRxTransferControlStructs
                0x10001d9c        0x8 ./Source/FreeRTOS-Products/FreeRTOS-Plus-IO/Device/LPC17xx/FreeRTOS_lpc17xx_ssp.o
 .bss.pxTxTransferControlStructs
                0x10001da4        0x8 ./Source/FreeRTOS-Products/FreeRTOS-Plus-IO/Device/LPC17xx/FreeRTOS_lpc17xx_ssp.o
 .bss.cOutputBuffer
                0x10001dac      0x400 ./Source/FreeRTOS-Products/FreeRTOS-Plus-CLI/FreeRTOS_CLI.o
 .bss.pxCommand.1294
                0x100021ac        0x4 ./Source/FreeRTOS-Products/FreeRTOS-Plus-CLI/FreeRTOS_CLI.o
 .bss.pxCommand.1327
                0x100021b0        0x4 ./Source/FreeRTOS-Products/FreeRTOS-Plus-CLI/FreeRTOS_CLI.o
 .bss.xPendingReadyList
                0x100021b4       0x14 ./Source/FreeRTOS-Products/FreeRTOS/tasks.o
 .bss.uxTopReadyPriority
                0x100021c8        0x4 ./Source/FreeRTOS-Products/FreeRTOS/tasks.o
 .bss.uxTasksDeleted
                0x100021cc        0x4 ./Source/FreeRTOS-Products/FreeRTOS/tasks.o
 .bss.xTickCount
                0x100021d0        0x4 ./Source/FreeRTOS-Products/FreeRTOS/tasks.o
 .bss.pxReadyTasksLists
                0x100021d4       0x64 ./Source/FreeRTOS-Products/FreeRTOS/tasks.o
 .bss.pxOverflowDelayedTaskList
                0x10002238        0x4 ./Source/FreeRTOS-Products/FreeRTOS/tasks.o
 .bss.uxTCBNumber
                0x1000223c        0x4 ./Source/FreeRTOS-Products/FreeRTOS/tasks.o
 .bss.pxDelayedTaskList
                0x10002240        0x4 ./Source/FreeRTOS-Products/FreeRTOS/tasks.o
 .bss.uxCurrentNumberOfTasks
                0x10002244        0x4 ./Source/FreeRTOS-Products/FreeRTOS/tasks.o
 .bss.xSchedulerRunning
                0x10002248        0x4 ./Source/FreeRTOS-Products/FreeRTOS/tasks.o
 .bss.ulTaskSwitchedInTime
                0x1000224c        0x4 ./Source/FreeRTOS-Products/FreeRTOS/tasks.o
 .bss.xMissedYield
                0x10002250        0x4 ./Source/FreeRTOS-Products/FreeRTOS/tasks.o
 .bss.pxCurrentTCB
                0x10002254        0x4 ./Source/FreeRTOS-Products/FreeRTOS/tasks.o
                0x10002254                pxCurrentTCB
 .bss.pcStatsString
                0x10002258       0x32 ./Source/FreeRTOS-Products/FreeRTOS/tasks.o
 .bss.pcStatusString.1859
                0x1000228a       0x32 ./Source/FreeRTOS-Products/FreeRTOS/tasks.o
 .bss.xSuspendedTaskList
                0x100022bc       0x14 ./Source/FreeRTOS-Products/FreeRTOS/tasks.o
 .bss.xDelayedTaskList1
                0x100022d0       0x14 ./Source/FreeRTOS-Products/FreeRTOS/tasks.o
 .bss.xDelayedTaskList2
                0x100022e4       0x14 ./Source/FreeRTOS-Products/FreeRTOS/tasks.o
 .bss.xTasksWaitingTermination
                0x100022f8       0x14 ./Source/FreeRTOS-Products/FreeRTOS/tasks.o
 .bss.uxSchedulerSuspended
                0x1000230c        0x4 ./Source/FreeRTOS-Products/FreeRTOS/tasks.o
 .bss.uxMissedTicks
                0x10002310        0x4 ./Source/FreeRTOS-Products/FreeRTOS/tasks.o
 .bss.xNumOfOverflows
                0x10002314        0x4 ./Source/FreeRTOS-Products/FreeRTOS/tasks.o
 .bss.uxTopUsedPriority
                0x10002318        0x4 ./Source/FreeRTOS-Products/FreeRTOS/tasks.o
 .bss.pxCurrentTimerList
                0x1000231c        0x4 ./Source/FreeRTOS-Products/FreeRTOS/timers.o
 .bss.xActiveTimerList1
                0x10002320       0x14 ./Source/FreeRTOS-Products/FreeRTOS/timers.o
 .bss.xActiveTimerList2
                0x10002334       0x14 ./Source/FreeRTOS-Products/FreeRTOS/timers.o
 .bss.xLastTime.1368
                0x10002348        0x4 ./Source/FreeRTOS-Products/FreeRTOS/timers.o
 .bss.xTimerQueue
                0x1000234c        0x4 ./Source/FreeRTOS-Products/FreeRTOS/timers.o
 .bss.pxOverflowTimerList
                0x10002350        0x4 ./Source/FreeRTOS-Products/FreeRTOS/timers.o
 .bss.ucLED.2872
                0x10002354        0x1 ./Source/Examples/GPIO/GPIO-output-and-software-timers.o
 *fill*         0x10002355        0x3 00
 .bss.xGPIOTimer
                0x10002358        0x4 ./Source/Examples/GPIO/GPIO-output-and-software-timers.o
 .bss.Rx_Desc   0x1000235c       0x20 C:\Users\m.paffi.ATESISTEMI\Documents\CCTA-OS\lpc17xx.cmsis.driver.library\Debug\liblpc17xx.cmsis.driver.library.a(lpc17xx_emac.o)
 *fill*         0x1000237c        0x4 00
 .bss.Rx_Stat   0x10002380       0x20 C:\Users\m.paffi.ATESISTEMI\Documents\CCTA-OS\lpc17xx.cmsis.driver.library\Debug\liblpc17xx.cmsis.driver.library.a(lpc17xx_emac.o)
 .bss.Tx_Desc   0x100023a0       0x18 C:\Users\m.paffi.ATESISTEMI\Documents\CCTA-OS\lpc17xx.cmsis.driver.library\Debug\liblpc17xx.cmsis.driver.library.a(lpc17xx_emac.o)
 .bss.Tx_Stat   0x100023b8        0xc C:\Users\m.paffi.ATESISTEMI\Documents\CCTA-OS\lpc17xx.cmsis.driver.library\Debug\liblpc17xx.cmsis.driver.library.a(lpc17xx_emac.o)
 .bss.errno     0x100023c4        0x4 c:/code_red/redsuitenxp_4.0.6_249/redsuite/tools/bin/../lib/gcc/arm-none-eabi/4.5.1/../../../../arm-none-eabi/lib/thumb2\libcr_c.a(errno.o)
                0x100023c4                errno
 *(COMMON)
 COMMON         0x100023c8       0xf0 ./Source/lwIP/lwIP_Apps/apps/httpserver_raw/fs.o
                0x100023c8                fs_memory
 COMMON         0x100024b8     0x1414 ./Source/lwIP/core/mem.o
                0x100024b8                ram_heap
 COMMON         0x100038cc        0x8 ./Source/lwIP/core/netif.o
                0x100038cc                netif_list
                0x100038d0                netif_default
 COMMON         0x100038d4       0x18 ./Source/lwIP/core/tcp.o
                0x100038d4                tcp_active_pcbs
                0x100038d8                tcp_ticks
                0x100038dc                tcp_listen_pcbs
                0x100038e0                tcp_tmp_pcb
                0x100038e4                tcp_bound_pcbs
                0x100038e8                tcp_tw_pcbs
 COMMON         0x100038ec        0x4 ./Source/lwIP/core/tcp_in.o
                0x100038ec                tcp_input_pcb
 COMMON         0x100038f0       0x10 ./Source/lwIP/core/ipv4/ip.o
                0x100038f0                current_iphdr_src
                0x100038f4                current_netif
                0x100038f8                current_iphdr_dest
                0x100038fc                current_header
 COMMON         0x10003900       0x50 ./Source/FreeRTOS-Products/FreeRTOS/queue.o
                0x10003900                xQueueRegistry
 COMMON         0x10003950        0x4 c:/code_red/redsuitenxp_4.0.6_249/redsuite/tools/bin/../lib/gcc/arm-none-eabi/4.5.1/../../../../arm-none-eabi/lib/thumb2\libcr_c.a(initio.o)
                0x10003950                _extra
 COMMON         0x10003954      0x140 c:/code_red/redsuitenxp_4.0.6_249/redsuite/tools/bin/../lib/gcc/arm-none-eabi/4.5.1/../../../../arm-none-eabi/lib/thumb2\libcr_c.a(stdio.o)
                0x10003954                __Ciob
 COMMON         0x10003a94       0x88 c:/code_red/redsuitenxp_4.0.6_249/redsuite/tools/bin/../lib/gcc/arm-none-eabi/4.5.1/../../../../arm-none-eabi/lib/thumb2\libcr_c.a(stdlib.o)
                0x10003a94                _exitvector
                0x10003b18                _number_of_exit_functions
 COMMON         0x10003b1c        0x8 c:/code_red/redsuitenxp_4.0.6_249/redsuite/tools/bin/../lib/gcc/arm-none-eabi/4.5.1/../../../../arm-none-eabi/lib/thumb2\libcr_c.a(__init_alloc.o)
                0x10003b1c                __heaps
                0x10003b20                __end_of_heap
                0x10003b24                . = ALIGN (0x4)
                0x10003b24                _ebss = .
                0x10003b24                PROVIDE (end, .)
                0x10003b24                PROVIDE (_pvHeapStart, .)
                0x10008000                PROVIDE (_vStackTop, (__top_RamLoc32 - 0x0))
OUTPUT(FreeRTOS-Plus-Demo-2.axf elf32-littlearm)

.debug_abbrev   0x00000000     0x6d14
 .debug_abbrev  0x00000000      0x125 ./Source/cr_startup_lpc176x.o
 .debug_abbrev  0x00000125      0x2c3 ./Source/main.o
 .debug_abbrev  0x000003e8      0x19a ./Source/printf-stdarg.o
 .debug_abbrev  0x00000582      0x2cc ./Source/lwIP/netif/etharp.o
 .debug_abbrev  0x0000084e      0x326 ./Source/lwIP/netif/ethernetif.o
 .debug_abbrev  0x00000b74      0x1ae ./Source/lwIP/netif/sys_arch.o
 .debug_abbrev  0x00000d22      0x117 ./Source/lwIP/lwIP_Apps/lwIP_Apps.o
 .debug_abbrev  0x00000e39      0x1f5 ./Source/lwIP/lwIP_Apps/apps/httpserver_raw/fs.o
 .debug_abbrev  0x0000102e      0x2c1 ./Source/lwIP/lwIP_Apps/apps/httpserver_raw/httpd.o
 .debug_abbrev  0x000012ef       0xcd ./Source/lwIP/lwIP_Apps/apps/BasicSocketCommandServer/BasicSocketCommandServer.o
 .debug_abbrev  0x000013bc       0x89 ./Source/lwIP/core/def.o
 .debug_abbrev  0x00001445       0x2c ./Source/lwIP/core/dhcp.o
 .debug_abbrev  0x00001471       0x2c ./Source/lwIP/core/dns.o
 .debug_abbrev  0x0000149d       0x43 ./Source/lwIP/core/init.o
 .debug_abbrev  0x000014e0      0x19c ./Source/lwIP/core/lwip_timers.o
 .debug_abbrev  0x0000167c      0x195 ./Source/lwIP/core/mem.o
 .debug_abbrev  0x00001811      0x129 ./Source/lwIP/core/memp.o
 .debug_abbrev  0x0000193a      0x255 ./Source/lwIP/core/netif.o
 .debug_abbrev  0x00001b8f      0x1a0 ./Source/lwIP/core/pbuf.o
 .debug_abbrev  0x00001d2f       0x2c ./Source/lwIP/core/raw.o
 .debug_abbrev  0x00001d5b       0x2c ./Source/lwIP/core/stats.o
 .debug_abbrev  0x00001d87       0x8d ./Source/lwIP/core/sys.o
 .debug_abbrev  0x00001e14      0x39b ./Source/lwIP/core/tcp.o
 .debug_abbrev  0x000021af      0x2b0 ./Source/lwIP/core/tcp_in.o
 .debug_abbrev  0x0000245f      0x32e ./Source/lwIP/core/tcp_out.o
 .debug_abbrev  0x0000278d       0x2c ./Source/lwIP/core/udp.o
 .debug_abbrev  0x000027b9       0x2c ./Source/lwIP/core/ipv4/autoip.o
 .debug_abbrev  0x000027e5      0x1f1 ./Source/lwIP/core/ipv4/icmp.o
 .debug_abbrev  0x000029d6       0x2c ./Source/lwIP/core/ipv4/igmp.o
 .debug_abbrev  0x00002a02       0x2c ./Source/lwIP/core/ipv4/inet.o
 .debug_abbrev  0x00002a2e      0x146 ./Source/lwIP/core/ipv4/inet_chksum.o
 .debug_abbrev  0x00002b74      0x1ce ./Source/lwIP/core/ipv4/ip.o
 .debug_abbrev  0x00002d42      0x1f5 ./Source/lwIP/core/ipv4/ip_addr.o
 .debug_abbrev  0x00002f37       0x2c ./Source/lwIP/core/ipv4/ip_frag.o
 .debug_abbrev  0x00002f63      0x252 ./Source/lwIP/api/api_lib.o
 .debug_abbrev  0x000031b5      0x28d ./Source/lwIP/api/api_msg.o
 .debug_abbrev  0x00003442       0x2c ./Source/lwIP/api/err.o
 .debug_abbrev  0x0000346e      0x105 ./Source/lwIP/api/netbuf.o
 .debug_abbrev  0x00003573       0x2c ./Source/lwIP/api/netdb.o
 .debug_abbrev  0x0000359f       0x2c ./Source/lwIP/api/netifapi.o
 .debug_abbrev  0x000035cb      0x32f ./Source/lwIP/api/sockets.o
 .debug_abbrev  0x000038fa      0x23b ./Source/lwIP/api/tcpip.o
 .debug_abbrev  0x00003b35      0x169 ./Source/MemMang/heap_2.o
 .debug_abbrev  0x00003c9e       0xd4 ./Source/FreeRTOS-Products/FreeRTOS-Plus-IO/Device/LPC17xx/FreeRTOS_lpc17xx_DriverInterface.o
 .debug_abbrev  0x00003d72      0x2b8 ./Source/FreeRTOS-Products/FreeRTOS-Plus-IO/Device/LPC17xx/FreeRTOS_lpc17xx_i2c.o
 .debug_abbrev  0x0000402a      0x2b7 ./Source/FreeRTOS-Products/FreeRTOS-Plus-IO/Device/LPC17xx/FreeRTOS_lpc17xx_ssp.o
 .debug_abbrev  0x000042e1      0x2b0 ./Source/FreeRTOS-Products/FreeRTOS-Plus-IO/Device/LPC17xx/FreeRTOS_lpc17xx_uart.o
 .debug_abbrev  0x00004591      0x184 ./Source/FreeRTOS-Products/FreeRTOS-Plus-IO/Common/FreeRTOS_DriverInterface.o
 .debug_abbrev  0x00004715       0xb2 ./Source/FreeRTOS-Products/FreeRTOS-Plus-IO/Common/FreeRTOS_IOUtils.o
 .debug_abbrev  0x000047c7      0x12d ./Source/FreeRTOS-Products/FreeRTOS-Plus-IO/Common/IOUtils_CharQueueTxAndRx.o
 .debug_abbrev  0x000048f4      0x12d ./Source/FreeRTOS-Products/FreeRTOS-Plus-IO/Common/IOUtils_CircularBufferRx.o
 .debug_abbrev  0x00004a21       0xf8 ./Source/FreeRTOS-Products/FreeRTOS-Plus-IO/Common/IOUtils_ZeroCopyTx.o
 .debug_abbrev  0x00004b19      0x183 ./Source/FreeRTOS-Products/FreeRTOS-Plus-CLI/FreeRTOS_CLI.o
 .debug_abbrev  0x00004c9c      0x1ef ./Source/FreeRTOS-Products/FreeRTOS/croutine.o
 .debug_abbrev  0x00004e8b       0xef ./Source/FreeRTOS-Products/FreeRTOS/list.o
 .debug_abbrev  0x00004f7a      0x1ec ./Source/FreeRTOS-Products/FreeRTOS/queue.o
 .debug_abbrev  0x00005166      0x27f ./Source/FreeRTOS-Products/FreeRTOS/tasks.o
 .debug_abbrev  0x000053e5      0x203 ./Source/FreeRTOS-Products/FreeRTOS/timers.o
 .debug_abbrev  0x000055e8      0x123 ./Source/FreeRTOS-Products/FreeRTOS/portable/GCC/ARM_CM3/port.o
 .debug_abbrev  0x0000570b      0x26d ./Source/FatFS/ff.o
 .debug_abbrev  0x00005978      0x280 ./Source/FatFS/mmc.o
 .debug_abbrev  0x00005bf8       0xdd ./Source/FatFS/syscall.o
 .debug_abbrev  0x00005cd5      0x1fc ./Source/Examples/SSP/SPI-interface-to-SD-card.o
 .debug_abbrev  0x00005ed1       0xee ./Source/Examples/GPIO/GPIO-output-and-software-timers.o
 .debug_abbrev  0x00005fbf      0x200 C:\Users\m.paffi.ATESISTEMI\Documents\CCTA-OS\lpc17xx.cmsis.driver.library\Debug\liblpc17xx.cmsis.driver.library.a(lpc17xx_emac.o)
 .debug_abbrev  0x000061bf      0x1cb C:\Users\m.paffi.ATESISTEMI\Documents\CCTA-OS\lpc17xx.cmsis.driver.library\Debug\liblpc17xx.cmsis.driver.library.a(lpc17xx_gpio.o)
 .debug_abbrev  0x0000638a      0x21a C:\Users\m.paffi.ATESISTEMI\Documents\CCTA-OS\lpc17xx.cmsis.driver.library\Debug\liblpc17xx.cmsis.driver.library.a(lpc17xx_i2c.o)
 .debug_abbrev  0x000065a4       0x6a C:\Users\m.paffi.ATESISTEMI\Documents\CCTA-OS\lpc17xx.cmsis.driver.library\Debug\liblpc17xx.cmsis.driver.library.a(lpc17xx_libcfg_default.o)
 .debug_abbrev  0x0000660e      0x11f C:\Users\m.paffi.ATESISTEMI\Documents\CCTA-OS\lpc17xx.cmsis.driver.library\Debug\liblpc17xx.cmsis.driver.library.a(lpc17xx_pinsel.o)
 .debug_abbrev  0x0000672d      0x19d C:\Users\m.paffi.ATESISTEMI\Documents\CCTA-OS\lpc17xx.cmsis.driver.library\Debug\liblpc17xx.cmsis.driver.library.a(lpc17xx_ssp.o)
 .debug_abbrev  0x000068ca      0x1d0 C:\Users\m.paffi.ATESISTEMI\Documents\CCTA-OS\lpc17xx.cmsis.driver.library\Debug\liblpc17xx.cmsis.driver.library.a(lpc17xx_uart.o)
 .debug_abbrev  0x00006a9a      0x197 C:\Users\m.paffi.ATESISTEMI\Documents\CCTA-OS\lpc17xx.cmsis.driver.library\Debug\liblpc17xx.cmsis.driver.library.a(lpc17xx_clkpwr.o)
 .debug_abbrev  0x00006c31       0xe3 C:\Users\m.paffi.ATESISTEMI\Documents\CCTA-OS\CMSISv2p00_LPC17xx\Debug\libCMSISv2p00_LPC17xx.a(system_LPC17xx.o)

.debug_info     0x00000000    0x21c73
 .debug_info    0x00000000      0x391 ./Source/cr_startup_lpc176x.o
 .debug_info    0x00000391      0x6cf ./Source/main.o
 .debug_info    0x00000a60      0x3ff ./Source/printf-stdarg.o
 .debug_info    0x00000e5f      0xcbc ./Source/lwIP/netif/etharp.o
 .debug_info    0x00001b1b      0xf6a ./Source/lwIP/netif/ethernetif.o
 .debug_info    0x00002a85      0x6b5 ./Source/lwIP/netif/sys_arch.o
 .debug_info    0x0000313a      0x417 ./Source/lwIP/lwIP_Apps/lwIP_Apps.o
 .debug_info    0x00003551      0x4ac ./Source/lwIP/lwIP_Apps/apps/httpserver_raw/fs.o
 .debug_info    0x000039fd     0x11e2 ./Source/lwIP/lwIP_Apps/apps/httpserver_raw/httpd.o
 .debug_info    0x00004bdf      0x287 ./Source/lwIP/lwIP_Apps/apps/BasicSocketCommandServer/BasicSocketCommandServer.o
 .debug_info    0x00004e66      0x131 ./Source/lwIP/core/def.o
 .debug_info    0x00004f97       0x77 ./Source/lwIP/core/dhcp.o
 .debug_info    0x0000500e       0x77 ./Source/lwIP/core/dns.o
 .debug_info    0x00005085       0x98 ./Source/lwIP/core/init.o
 .debug_info    0x0000511d      0x95f ./Source/lwIP/core/lwip_timers.o
 .debug_info    0x00005a7c      0x3fe ./Source/lwIP/core/mem.o
 .debug_info    0x00005e7a      0x2af ./Source/lwIP/core/memp.o
 .debug_info    0x00006129      0xc9d ./Source/lwIP/core/netif.o
 .debug_info    0x00006dc6      0x91b ./Source/lwIP/core/pbuf.o
 .debug_info    0x000076e1       0x77 ./Source/lwIP/core/raw.o
 .debug_info    0x00007758       0x77 ./Source/lwIP/core/stats.o
 .debug_info    0x000077cf      0x10a ./Source/lwIP/core/sys.o
 .debug_info    0x000078d9     0x153b ./Source/lwIP/core/tcp.o
 .debug_info    0x00008e14      0xe6d ./Source/lwIP/core/tcp_in.o
 .debug_info    0x00009c81     0x1170 ./Source/lwIP/core/tcp_out.o
 .debug_info    0x0000adf1       0x77 ./Source/lwIP/core/udp.o
 .debug_info    0x0000ae68       0x77 ./Source/lwIP/core/ipv4/autoip.o
 .debug_info    0x0000aedf      0x640 ./Source/lwIP/core/ipv4/icmp.o
 .debug_info    0x0000b51f       0x77 ./Source/lwIP/core/ipv4/igmp.o
 .debug_info    0x0000b596       0x77 ./Source/lwIP/core/ipv4/inet.o
 .debug_info    0x0000b60d      0x3eb ./Source/lwIP/core/ipv4/inet_chksum.o
 .debug_info    0x0000b9f8      0x6a2 ./Source/lwIP/core/ipv4/ip.o